******************************************************************************
            TI ARM Clang Linker PC v3.2.2                      
******************************************************************************
>> Linked Sun Dec 15 18:31:24 2024

OUTPUT FILE NAME:   <gpiointerrupt_CC3220S_LAUNCHXL_nortos_ticlang.out>
ENTRY POINT SYMBOL: "resetISR"  address: 200112d1


MEMORY CONFIGURATION

         name            origin    length      used     unused   attr    fill
----------------------  --------  ---------  --------  --------  ----  --------
  SRAM2                 20000000   00004000  0000130c  00002cf4  RW X
  SRAM                  20004000   0003c000  0000f1d5  0002ce2b  RW X
  LOG_DATA              90000000   00040000  00000000  00040000  R   
  LOG_PTR               94000008   00040000  00000000  00040000  R   


SEGMENT ALLOCATION MAP

run origin  load origin   length   init length attrs members
----------  ----------- ---------- ----------- ----- -------
20003000    20003000    00001000   00000000    rw-
  20003000    20003000    00001000   00000000    rw- .stack
20004000    20004000    00000040   00000040    r--
  20004000    20004000    00000040   00000040    r-- .resetVecs
20004040    20004040    00008000   00000000    rw-
  20004040    20004040    00008000   00000000    rw- .sysmem
2000c040    2000c040    00005b10   00005b10    r-x
  2000c040    2000c040    00005a14   00005a14    r-x .text
  20011a54    20011a54    000000fc   000000fc    r-- .cinit
20011c00    20011c00    000010d5   00000000    rw-
  20011c00    20011c00    00000a33   00000000    rw- .bss
  20012638    20012638    0000069d   00000000    rw- .data
20012ce0    20012ce0    000005b5   000005b5    r--
  20012ce0    20012ce0    000005b5   000005b5    r-- .rodata


SECTION ALLOCATION MAP

 output                                  attributes/
section   page    origin      length       input sections
--------  ----  ----------  ----------   ----------------
.text      0    2000c040    00005a14     
                  2000c040    0000086c     libc.a : _printfi.c.obj (.text:__TI_printfi_nofloat)
                  2000c8ac    000004b8     driverlib.a : prcm.obj (.text.PRCMCC3200MCUInit)
                  2000cd64    000003e4     drivers_cc32xx.a : PowerCC32XX.c.obj (.text.Power_sleep)
                  2000d148    00000222                      : UART2CC32XX.c.obj (.text.UART2CC32XX_hwiIntFxn)
                  2000d36a    00000002     ti_drivers_config.o (.text.Board_initHook)
                  2000d36c    000001cc     drivers_cc32xx.a : UART2CC32XX.c.obj (.text.UART2_open)
                  2000d538    00000174                      : UART2.c.obj (.text.UART2_writeTimeoutBlocking)
                  2000d6ac    00000150     nortos_cc32xx.a : PowerCC32XX_nortos.c.obj (.text.PowerCC32XX_sleepPolicy)
                  2000d7fc    00000148     drivers_cc32xx.a : TimerCC32XX.c.obj (.text.Timer_open)
                  2000d944    00000140                      : GPIOCC32XX.c.obj (.text.GPIO_setConfig)
                  2000da84    00000138                      : I2CCC32XX.c.obj (.text.I2CCC32XX_hwiFxn)
                  2000dbbc    00000126                      : I2C.c.obj (.text.I2C_transferTimeout)
                  2000dce2    00000002                      : I2C.c.obj (.text.I2C_init)
                  2000dce4    00000120     libc.a : memory.c.obj (.text.aligned_alloc)
                  2000de04    0000011a     drivers_cc32xx.a : UART2.c.obj (.text.UART2_writeTimeoutNonblocking)
                  2000df1e    00000112     driverlib.a : udma.obj (.text.uDMAChannelTransferSet)
                  2000e030    000000fc     libclang_rt.builtins.a : muldf3.S.obj (.text.__muldf3)
                  2000e12c    000000f0     libc.a : memory.c.obj (.text.free)
                  2000e21c    000000e8     drivers_cc32xx.a : I2CCC32XX.c.obj (.text.I2C_open)
                  2000e304    000000e8                      : UART2CC32XX.c.obj (.text.UART2_close)
                  2000e3ec    000000cc                      : UART2CC32XX.c.obj (.text.UART2Support_dmaStartRx)
                  2000e4b8    000000c8     driverlib.a : interrupt.obj (.text.IntDisable)
                  2000e580    000000c8                 : interrupt.obj (.text.IntEnable)
                  2000e648    000000c4     drivers_cc32xx.a : UART2CC32XX.c.obj (.text.UART2CC32XX_initHw)
                  2000e70c    000000b8                      : UART2CC32XX.c.obj (.text.UART2Support_dmaStartTx)
                  2000e7c4    000000b0     libclang_rt.builtins.a : udivmoddi4.S.obj (.text)
                  2000e874    000000ac     driverlib.a : gpio.obj (.text.GPIOIntTypeSet)
                  2000e920    000000a4                 : interrupt.obj (.text.IntPendSet)
                  2000e9c4    000000a2                 : pin.obj (.text.PinConfigSet)
                  2000ea66    0000009c     drivers_cc32xx.a : I2CCC32XX.c.obj (.text.I2CCC32XX_completeTransfer)
                  2000eb02    00000002     nortos_cc32xx.a : PowerCC32XX_nortos.c.obj (.text.PowerCC32XX_initPolicy)
                  2000eb04    0000009c     gpiointerrupt.o (.text.mainThread)
                  2000eba0    00000098     driverlib.a : i2c.obj (.text.I2CMasterInitExpClk)
                  2000ec38    00000098     nortos_cc32xx.a : SemaphoreP_nortos.c.obj (.text.SemaphoreP_pend)
                  2000ecd0    00000096     drivers_cc32xx.a : PowerCC32XX_ticlang.asm.obj (.text)
                  2000ed66    00000092     driverlib.a : udma.obj (.text.uDMAChannelAttributeDisable)
                  2000edf8    00000090     drivers_cc32xx.a : GPIOCC32XX.c.obj (.text.GPIO_init)
                  2000ee88    0000008e     driverlib.a : prcm.obj (.text.PRCMSysResetCauseGet)
                  2000ef16    00000002     nortos_cc32xx.a : SemaphoreP_nortos.c.obj (.text.SemaphoreP_destruct)
                  2000ef18    00000088     drivers_cc32xx.a : PowerCC32XX.c.obj (.text.PowerCC32XX_configureWakeup)
                  2000efa0    0000007a                      : I2CCC32XX.c.obj (.text.I2CCC32XX_primeReadBurst)
                  2000f01a    00000002                      : Timer.c.obj (.text.Timer_init)
                  2000f01c    00000078                      : PowerCC32XX.c.obj (.text.Power_init)
                  2000f094    00000074     nortos_cc32xx.a : HwiPCC32XX_nortos.c.obj (.text.HwiP_construct)
                  2000f108    00000074     driverlib.a : prcm.obj (.text.PRCMHibernateWakeUpGPIOSelect)
                  2000f17c    00000074                 : uart.obj (.text.UARTConfigSetExpClk)
                  2000f1f0    00000074     gpiointerrupt.o (.text.readTemp)
                  2000f264    00000070     libc.a : copy_decompress_lzss.c.obj (.text:decompress:lzss)
                  2000f2d4    0000006c     driverlib.a : pin.obj (.text.PinLockLevelSet)
                  2000f340    0000006c     drivers_cc32xx.a : PowerCC32XX.c.obj (.text.Power_setDependency)
                  2000f3ac    0000006c                      : UDMACC32XX.c.obj (.text.UDMACC32XX_open)
                  2000f418    0000006c                      : GPIOCC32XX.c.obj (.text.powerNotifyFxn)
                  2000f484    0000006c     libc.a : memory.c.obj (.text.split)
                  2000f4f0    0000006a     driverlib.a : prcm.obj (.text.PRCMPeripheralReset)
                  2000f55a    00000002     drivers_cc32xx.a : UART2CC32XX.c.obj (.text.UART2CC32XX_eventCallback)
                  2000f55c    00000068                      : I2CCC32XX.c.obj (.text.I2CCC32XX_initHw)
                  2000f5c4    00000068     driverlib.a : interrupt.obj (.text.IntPendClear)
                  2000f62c    00000066     drivers_cc32xx.a : I2CCC32XX.c.obj (.text.I2CCC32XX_primeWriteBurst)
                  2000f692    00000002     libclang_rt.builtins.a : aeabi_div0.c.obj (.text.__aeabi_ldiv0)
                  2000f694    00000060     drivers_cc32xx.a : GPIOCC32XX.c.obj (.text.GPIO_write)
                  2000f6f4    00000060                      : UART2CC32XX.c.obj (.text.UART2Support_dmaStopTx)
                  2000f754    0000005c     driverlib.a : flash.obj (.text.FlashDisable)
                  2000f7b0    0000005c     drivers_cc32xx.a : I2CCC32XX.c.obj (.text.I2CSupport_primeTransfer)
                  2000f80c    0000005c     driverlib.a : prcm.obj (.text.PRCMHibernateWakeupSourceDisable)
                  2000f868    0000005c     drivers_cc32xx.a : TimerCC32XX.c.obj (.text.TimerCC32XX_allocateTimerResource)
                  2000f8c4    0000005a     driverlib.a : prcm.obj (.text.PRCMPeripheralClkEnable)
                  2000f91e    00000002     libc.a : _lock.c.obj (.text._nop)
                  2000f920    00000058     nortos_cc32xx.a : ClockPSysTick_nortos.c.obj (.text.ClockP_startup)
                  2000f978    00000058     driverlib.a : interrupt.obj (.text.IntPrioritySet)
                  2000f9d0    00000056                 : prcm.obj (.text.PRCMLPDSEnter)
                  2000fa26    00000002     nortos_cc32xx.a : startup_cc32xx_ticlang.c.obj (.text.busFaultHandler)
                  2000fa28    00000054     drivers_cc32xx.a : PowerCC32XX.c.obj (.text.PowerCC32XX_setParkState)
                  2000fa7c    00000054                      : PowerCC32XX.c.obj (.text.Power_releaseDependency)
                  2000fad0    00000050                      : GPIOCC32XX.c.obj (.text.GPIO_hwiIntFxn)
                  2000fb20    00000050     driverlib.a : prcm.obj (.text.PRCMHibernateWakeupSourceEnable)
                  2000fb70    00000050     nortos_cc32xx.a : SemaphoreP_nortos.c.obj (.text.SemaphoreP_construct)
                  2000fbc0    0000004e     driverlib.a : udma.obj (.text.uDMAChannelAssign)
                  2000fc0e    00000002     nortos_cc32xx.a : SemaphoreP_nortos.c.obj (.text.clkFxn)
                  2000fc10    0000004c     drivers_cc32xx.a : GPIOCC32XX.c.obj (.text.GPIO_setInterruptConfig)
                  2000fc5c    0000004c     driverlib.a : prcm.obj (.text.PRCMLPDSRestoreInfoSet)
                  2000fca8    0000004c     drivers_cc32xx.a : TimerCC32XX.c.obj (.text.initHw)
                  2000fcf4    0000004a                      : UART2CC32XX.c.obj (.text.UART2Support_dmaStopRx)
                  2000fd3e    0000004a                      : TimerCC32XX.c.obj (.text.getPrescaler)
                  2000fd88    0000004a     driverlib.a : udma.obj (.text.uDMAChannelSizeGet)
                  2000fdd2    00000002     nortos_cc32xx.a : startup_cc32xx_ticlang.c.obj (.text.defaultHandler)
                  2000fdd4    00000048                     : ClockPSysTick_nortos.c.obj (.text.ClockP_sysTickHandler)
                  2000fe1c    00000048     driverlib.a : prcm.obj (.text.PRCMIntEnable)
                  2000fe64    00000048                 : prcm.obj (.text.PRCMPeripheralStatusGet)
                  2000feac    00000048                 : pin.obj (.text.PinConfigGet)
                  2000fef4    00000048     libclang_rt.builtins.a : fixdfsi.S.obj (.text.__fixdfsi)
                  2000ff3c    00000048     gpiointerrupt.o (.text.initI2C)
                  2000ff84    00000048     gpiointerrupt.o (.text.reportToUART)
                  2000ffcc    00000046     drivers_cc32xx.a : I2CCC32XX.c.obj (.text.I2CCC32XX_fillTransmitFifo)
                  20010012    00000046     driverlib.a : prcm.obj (.text.PRCMLPDSEnterKeepDebugIf)
                  20010058    00000046     drivers_cc32xx.a : RingBuf.c.obj (.text.RingBuf_put)
                  2001009e    00000044     driverlib.a : gpio.obj (.text.GPIODirModeSet)
                  200100e2    00000002     nortos_cc32xx.a : startup_cc32xx_ticlang.c.obj (.text.faultISR)
                  200100e4    00000044     drivers_cc32xx.a : GPIOCC32XX.c.obj (.text.GPIO_disableInt)
                  20010128    00000044                      : GPIOCC32XX.c.obj (.text.GPIO_enableInt)
                  2001016c    00000044                      : PowerCC32XX.c.obj (.text.Power_releaseConstraint)
                  200101b0    00000044                      : Timer.c.obj (.text.Timer_start)
                  200101f4    00000044     nortos_cc32xx.a : ClockPSysTick_nortos.c.obj (.text.addToList)
                  20010238    00000044     libc.a : snprintf.c.obj (.text.snprintf)
                  2001027c    00000042     driverlib.a : pin.obj (.text.PinModeSet)
                  200102be    00000042                 : timer.obj (.text.TimerControlStall)
                  20010300    00000042     drivers_cc32xx.a : TimerCC32XX.c.obj (.text.Timer_close)
                  20010342    00000042     nortos_cc32xx.a : PowerCC32XX_nortos.c.obj (.text.getCountsRTC)
                  20010384    00000040                     : SemaphoreP_nortos.c.obj (.text.SemaphoreP_post)
                  200103c4    00000040     drivers_cc32xx.a : Timer.c.obj (.text.Timer_stop)
                  20010404    00000040     libc.a : atoi.c.obj (.text.atoi)
                  20010444    00000040     driverlib.a : udma.obj (.text.uDMAChannelControlSet)
                  20010484    0000003e                 : pin.obj (.text.PinDirModeSet)
                  200104c2    00000002     nortos_cc32xx.a : startup_cc32xx_ticlang.c.obj (.text.nmiISR)
                  200104c4    0000003c                     : ClockPSysTick_nortos.c.obj (.text.ClockP_stop)
                  20010500    0000003c     drivers_cc32xx.a : UDMACC32XX.c.obj (.text.UDMACC32XX_init)
                  2001053c    0000003c     gpiointerrupt.o (.text.initTimer)
                  20010578    0000003a     drivers_cc32xx.a : TimerCC32XX.c.obj (.text.TimerSupport_timerEnable)
                  200105b2    00000002     --HOLE-- [fill = 0]
                  200105b4    00000038     nortos_cc32xx.a : ClockPSysTick_nortos.c.obj (.text.ClockP_destruct)
                  200105ec    00000038     drivers_cc32xx.a : PowerCC32XX.c.obj (.text.Power_setConstraint)
                  20010624    00000038                      : RingBuf.c.obj (.text.RingBuf_putAdvance)
                  2001065c    00000038     nortos_cc32xx.a : SwiP_nortos.c.obj (.text.SwiP_restore)
                  20010694    00000038     drivers_cc32xx.a : UDMACC32XX.c.obj (.text.UDMACC32XX_close)
                  200106cc    00000038     libc.a : autoinit.c.obj (.text:__TI_auto_init_nobinit_nopinit)
                  20010704    00000036     driverlib.a : pin.obj (.text.PinLock)
                  2001073a    00000036     drivers_cc32xx.a : TimerCC32XX.c.obj (.text.TimerCC32XX_hwiIntFunction)
                  20010770    00000036     driverlib.a : uart.obj (.text.UARTCharPutNonBlocking)
                  200107a6    00000002     --HOLE-- [fill = 0]
                  200107a8    00000034     nortos_cc32xx.a : ClockPSysTick_nortos.c.obj (.text.ClockP_start)
                  200107dc    00000034     driverlib.a : i2c.obj (.text.I2CFIFODataPutNonBlocking)
                  20010810    00000034                 : pin.obj (.text.PinDirModeGet)
                  20010844    00000034                 : pin.obj (.text.PinModeGet)
                  20010878    00000034     drivers_cc32xx.a : PowerCC32XX.c.obj (.text.PowerCC32XX_parkPin)
                  200108ac    00000034                      : TimerCC32XX.c.obj (.text.TimerCC32XX_freeTimerResource)
                  200108e0    00000034                      : UART2.c.obj (.text.UART2_rxDisable)
                  20010914    00000034     gpiointerrupt.o (.text.checkButtons)
                  20010948    00000034     nortos_cc32xx.a : startup_cc32xx_ticlang.c.obj (.text.initVectors)
                  2001097c    00000030                     : ClockPSysTick_nortos.c.obj (.text.ClockP_getTicksUntilInterrupt)
                  200109ac    00000030     driverlib.a : i2c.obj (.text.I2CFIFODataGetNonBlocking)
                  200109dc    00000030                 : prcm.obj (.text.PRCMLPDSIntervalSet)
                  20010a0c    00000030                 : prcm.obj (.text.PRCMSlowClkCtrFastGet)
                  20010a3c    00000030                 : timer.obj (.text.TimerLoadSet)
                  20010a6c    00000030                 : timer.obj (.text.TimerPrescaleSet)
                  20010a9c    00000030     libc.a : snprintf.c.obj (.text._outs)
                  20010acc    00000030     drivers_cc32xx.a : PowerCC32XX.c.obj (.text.notify)
                  20010afc    0000002e     driverlib.a : gpio.obj (.text.GPIOIntStatus)
                  20010b2a    0000002e     drivers_cc32xx.a : RingBuf.c.obj (.text.RingBuf_getConsume)
                  20010b58    0000002e                      : RingBuf.c.obj (.text.RingBuf_putPointer)
                  20010b86    0000002e     driverlib.a : uart.obj (.text.UARTDisable)
                  20010bb4    0000002e     libclang_rt.builtins.a : floatsidf.S.obj (.text.__floatsidf)
                  20010be2    0000002c     driverlib.a : i2c.obj (.text.I2CMasterIntStatusEx)
                  20010c0e    0000002c     drivers_cc32xx.a : UART2CC32XX.c.obj (.text.UART2CC32XX_getRxData)
                  20010c3a    00000002     --HOLE-- [fill = 0]
                  20010c3c    0000002c     gpiointerrupt.o (.text.initUART)
                  20010c68    0000002a     nortos_cc32xx.a : HwiPCC32XX_nortos.c.obj (.text.HwiP_create)
                  20010c92    0000002a     driverlib.a : prcm.obj (.text.PRCMLPDSWakeUpGPIOSelect)
                  20010cbc    0000002a                 : prcm.obj (.text.PRCMPeripheralClkDisable)
                  20010ce6    0000002a                 : uart.obj (.text.UARTIntStatus)
                  20010d10    00000028     drivers_cc32xx.a : GPIOCC32XX.c.obj (.text.GPIO_read)
                  20010d38    00000028     driverlib.a : i2c.obj (.text.I2CMasterBusBusy)
                  20010d60    00000028                 : i2c.obj (.text.I2CMasterSlaveAddrSet)
                  20010d88    00000028                 : i2c.obj (.text.I2CTxFIFOConfigSet)
                  20010db0    00000028     drivers_cc32xx.a : I2C.c.obj (.text.I2C_cancel)
                  20010dd8    00000028                      : List.c.obj (.text.List_remove)
                  20010e00    00000028     driverlib.a : prcm.obj (.text.PRCMSRAMRetentionEnable)
                  20010e28    00000028     drivers_cc32xx.a : PowerCC32XX.c.obj (.text.PowerCC32XX_getParkState)
                  20010e50    00000028                      : TimerCC32XX.c.obj (.text.TimerSupport_timerDisable)
                  20010e78    00000028     libc.a : memory.c.obj (.text.free_list_insert)
                  20010ea0    00000024     driverlib.a : i2c.obj (.text.I2CRxFIFOConfigSet)
                  20010ec4    00000024                 : interrupt.obj (.text.IntUnregister)
                  20010ee8    00000024     drivers_cc32xx.a : List.c.obj (.text.List_put)
                  20010f0c    00000024     driverlib.a : prcm.obj (.text.PRCMLPDSWakeupSourceEnable)
                  20010f30    00000024     drivers_cc32xx.a : PowerCC32XX.c.obj (.text.PowerCC32XX_restoreParkState)
                  20010f54    00000024                      : PowerCC32XX.c.obj (.text.PowerCC32XX_restoreParkedPin)
                  20010f78    00000024                      : PowerCC32XX.c.obj (.text.Power_registerNotify)
                  20010f9c    00000024                      : UART2CC32XX.c.obj (.text.UART2Support_disableRx)
                  20010fc0    00000024     gpiointerrupt.o (.text.uartTask)
                  20010fe4    00000024     libc.a : boot_cortex_m.c.obj (.text:_c_int00_noargs)
                  20011008    00000022     driverlib.a : gpio.obj (.text.GPIOPinWrite)
                  2001102a    00000022                 : pin.obj (.text.PinUnlock)
                  2001104c    00000022     drivers_cc32xx.a : RingBuf.c.obj (.text.RingBuf_getPointer)
                  2001106e    00000022                      : UART2CC32XX.c.obj (.text.UART2Support_sendData)
                  20011090    00000020     driverlib.a : interrupt.obj (.text.IntRegister)
                  200110b0    00000020                 : pin.obj (.text.PinTypeI2C)
                  200110d0    00000020     drivers_cc32xx.a : PowerCC32XX.c.obj (.text.PowerCC32XX_reset)
                  200110f0    00000020                      : PowerCC32XX.c.obj (.text.Power_unregisterNotify)
                  20011110    00000020     nortos_cc32xx.a : SemaphoreP_nortos.c.obj (.text.SemaphoreP_constructBinary)
                  20011130    00000020                     : SemaphoreP_nortos.c.obj (.text.SemaphoreP_createBinary)
                  20011150    00000020     driverlib.a : timer.obj (.text.TimerDisable)
                  20011170    0000001e                 : pin.obj (.text.PinTypeUART)
                  2001118e    0000001e     drivers_cc32xx.a : UART2.c.obj (.text.UART2_writeTimeout)
                  200111ac    0000001e     driverlib.a : uart.obj (.text.UARTEnable)
                  200111ca    0000001e     libc.a : memccpy.c.obj (.text.memccpy)
                  200111e8    0000001e     driverlib.a : udma.obj (.text.uDMAChannelDisable)
                  20011206    0000001e                 : udma.obj (.text.uDMAChannelEnable)
                  20011224    0000001e                 : udma.obj (.text.uDMAChannelIsEnabled)
                  20011242    00000002     --HOLE-- [fill = 0]
                  20011244    0000001c     drivers_cc32xx.a : GPIO.c.obj (.text.GPIO_setCallback)
                  20011260    0000001c     nortos_cc32xx.a : HwiPCC32XX_nortos.c.obj (.text.HwiP_dispatch)
                  2001127c    0000001c                     : SwiP_nortos.c.obj (.text.SwiP_disable)
                  20011298    0000001c     libc.a : memory.c.obj (.text.free_list_remove)
                  200112b4    0000001c     drivers_cc32xx.a : TimerCC32XX.c.obj (.text.getPowerMgrId)
                  200112d0    0000001c     nortos_cc32xx.a : startup_cc32xx_ticlang.c.obj (.text.resetISR)
                  200112ec    0000001c     gpiointerrupt.o (.text.updateHeaterState)
                  20011308    0000001a     driverlib.a : gpio.obj (.text.GPIOIntDisable)
                  20011322    0000001a                 : prcm.obj (.text.PRCMHIBRegRead)
                  2001133c    0000001a                 : prcm.obj (.text.PRCMHIBRegWrite)
                  20011356    0000001a                 : prcm.obj (.text.PRCMLPDSWakeupSourceDisable)
                  20011370    0000001a                 : pin.obj (.text.PinToPadGet)
                  2001138a    0000001a                 : timer.obj (.text.TimerEnable)
                  200113a4    0000001a                 : uart.obj (.text.UARTFlowControlSet)
                  200113be    00000018                 : gpio.obj (.text.GPIOIntEnable)
                  200113d6    00000018                 : gpio.obj (.text.GPIOPinRead)
                  200113ee    00000018     nortos_cc32xx.a : SemaphoreP_nortos.c.obj (.text.SemaphoreP_create)
                  20011406    00000018     libc.a : snprintf.c.obj (.text._outc)
                  2001141e    00000002     --HOLE-- [fill = 0]
                  20011420    00000018     gpiointerrupt.o (.text.readTemperature)
                  20011438    00000016     ti_drivers_config.o (.text.Board_init)
                  2001144e    00000016     driverlib.a : i2c.obj (.text.I2CMasterBurstLengthSet)
                  20011464    00000016                 : i2c.obj (.text.I2CMasterIntDisableEx)
                  2001147a    00000016                 : i2c.obj (.text.I2CRxFIFOFlush)
                  20011490    00000016                 : i2c.obj (.text.I2CTxFIFOFlush)
                  200114a6    00000016                 : systick.obj (.text.SysTickPeriodSet)
                  200114bc    00000016                 : timer.obj (.text.TimerIntDisable)
                  200114d2    00000016                 : uart.obj (.text.UARTCharsAvail)
                  200114e8    00000016                 : uart.obj (.text.UARTDMADisable)
                  200114fe    00000016                 : uart.obj (.text.UARTFIFOLevelSet)
                  20011514    00000016                 : uart.obj (.text.UARTIntDisable)
                  2001152a    00000014                 : cpu.obj (.text.CPUcpsid)
                  2001153e    00000014                 : cpu.obj (.text.CPUcpsie)
                  20011552    00000014     nortos_cc32xx.a : HwiPCC32XX_nortos.c.obj (.text.HwiP_destruct)
                  20011566    00000014     driverlib.a : i2c.obj (.text.I2CMasterIntEnableEx)
                  2001157a    00000014                 : interrupt.obj (.text.IntVTableBaseSet)
                  2001158e    00000002     --HOLE-- [fill = 0]
                  20011590    00000014     drivers_cc32xx.a : PowerCC32XX.c.obj (.text.Power_disablePolicy)
                  200115a4    00000014                      : PowerCC32XX.c.obj (.text.Power_getTransitionLatency)
                  200115b8    00000014                      : PowerCC32XX.c.obj (.text.Power_idleFunc)
                  200115cc    00000014     driverlib.a : timer.obj (.text.TimerIntEnable)
                  200115e0    00000014                 : uart.obj (.text.UARTDMAEnable)
                  200115f4    00000014                 : uart.obj (.text.UARTIntEnable)
                  20011608    00000014     libclang_rt.builtins.a : aeabi_uldivmod.S.obj (.text.__aeabi_uldivmod)
                  2001161c    00000014     gpiointerrupt.o (.text.strlen)
                  20011630    00000014     driverlib.a : udma.obj (.text.uDMAControlBaseSet)
                  20011644    00000014                 : udma.obj (.text.uDMAIntClear)
                  20011658    00000012     nortos_cc32xx.a : ClockPSysTick_nortos.c.obj (.text.ClockP_add)
                  2001166a    00000012     driverlib.a : gpio.obj (.text.GPIOIntClear)
                  2001167c    00000012     nortos_cc32xx.a : HwiPCC32XX_nortos.c.obj (.text.HwiP_Params_init)
                  2001168e    00000012                     : HwiPCC32XX_nortos.c.obj (.text.HwiP_delete)
                  200116a0    00000012     driverlib.a : i2c.obj (.text.I2CMasterDisable)
                  200116b2    00000012                 : i2c.obj (.text.I2CMasterEnable)
                  200116c4    00000012     drivers_cc32xx.a : I2C.c.obj (.text.I2C_transfer)
                  200116d6    00000012     driverlib.a : systick.obj (.text.SysTickEnable)
                  200116e8    00000012                 : systick.obj (.text.SysTickIntDisable)
                  200116fa    00000012                 : systick.obj (.text.SysTickIntEnable)
                  2001170c    00000012     drivers_cc32xx.a : UDMACC32XX.c.obj (.text.postNotifyFxn)
                  2001171e    00000012     libc.a : memcpy_t2.S.obj (.text:TI_memcpy_small)
                  20011730    00000010     nortos_cc32xx.a : ClockPSysTick_nortos.c.obj (.text.ClockP_getCpuFreq)
                  20011740    00000010                     : ClockPSysTick_nortos.c.obj (.text.ClockP_getSystemTicks)
                  20011750    00000010                     : ClockPSysTick_nortos.c.obj (.text.ClockP_setTicks)
                  20011760    00000010                     : HwiPCC32XX_nortos.c.obj (.text.HwiP_inISR)
                  20011770    00000010     driverlib.a : i2c.obj (.text.I2CMasterControl)
                  20011780    00000010                 : i2c.obj (.text.I2CMasterIntClearEx)
                  20011790    00000010                 : i2c.obj (.text.I2CMasterTimeoutSet)
                  200117a0    00000010     drivers_cc32xx.a : PowerCC32XX.c.obj (.text.Power_enablePolicy)
                  200117b0    00000010                      : RingBuf.c.obj (.text.RingBuf_construct)
                  200117c0    00000010     driverlib.a : timer.obj (.text.TimerIntClear)
                  200117d0    00000010     drivers_cc32xx.a : Timer.c.obj (.text.Timer_Params_init)
                  200117e0    00000010                      : UART2CC32XX.c.obj (.text.UART2Support_txDone)
                  200117f0    00000010     driverlib.a : uart.obj (.text.UARTBusy)
                  20011800    00000010                 : uart.obj (.text.UARTIntClear)
                  20011810    00000010                 : uart.obj (.text.UARTRxErrorGet)
                  20011820    00000010     main_nortos.o (.text.main)
                  20011830    00000010     libc.a : wcslen.c.obj (.text.wcslen)
                  20011840    00000010            : copy_zero_init.c.obj (.text:decompress:ZI)
                  20011850    0000000e     nortos_cc32xx.a : HwiPCC32XX_nortos.c.obj (.text.HwiP_interruptsEnabled)
                  2001185e    0000000e     driverlib.a : i2c.obj (.text.I2CFIFOStatus)
                  2001186c    0000000e     drivers_cc32xx.a : UART2.c.obj (.text.UART2_write)
                  2001187a    0000000e     libc.a : _printfi.c.obj (.text.strlen)
                  20011888    0000000e     driverlib.a : udma.obj (.text.uDMAEnable)
                  20011896    0000000e                 : udma.obj (.text.uDMAErrorStatusClear)
                  200118a4    0000000e     libc.a : memset_t2.S.obj (.text:TI_memset_small)
                  200118b2    0000000e            : copy_decompress_none.c.obj (.text:decompress:none)
                  200118c0    0000000c     driverlib.a : cpu.obj (.text.CPUwfi)
                  200118cc    0000000c     drivers_cc32xx.a : I2CCC32XX.c.obj (.text.I2CCC32XX_postNotify)
                  200118d8    0000000c                      : I2C.c.obj (.text.I2C_Params_init)
                  200118e4    0000000c                      : I2CCC32XX.c.obj (.text.OUTLINED_FUNCTION_0)
                  200118f0    0000000c                      : UART2CC32XX.c.obj (.text.OUTLINED_FUNCTION_0)
                  200118fc    0000000c     driverlib.a : prcm.obj (.text.PRCMLPDSWakeupCauseGet)
                  20011908    0000000c     drivers_cc32xx.a : PowerCC32XX.c.obj (.text.Power_getConstraintMask)
                  20011914    0000000c                      : UART2CC32XX.c.obj (.text.UART2CC32XX_postNotifyFxn)
                  20011920    0000000c                      : UART2CC32XX.c.obj (.text.UART2Support_disableTx)
                  2001192c    0000000c                      : UART2CC32XX.c.obj (.text.UART2Support_enableTx)
                  20011938    0000000c                      : UART2.c.obj (.text.UART2_Params_init)
                  20011944    0000000c     gpiointerrupt.o (.text.gpioButtonFxn0)
                  20011950    0000000c     drivers_cc32xx.a : TimerCC32XX.c.obj (.text.postNotifyFxn)
                  2001195c    0000000c     gpiointerrupt.o (.text.timerCallback)
                  20011968    0000000c     driverlib.a : udma.obj (.text.uDMAErrorStatusGet)
                  20011974    0000000a                 : cpu.obj (.text.CPUprimask)
                  2001197e    0000000a     nortos_cc32xx.a : ClockPSysTick_nortos.c.obj (.text.ClockP_isActive)
                  20011988    0000000a     driverlib.a : interrupt.obj (.text.IntMasterDisable)
                  20011992    0000000a                 : interrupt.obj (.text.IntMasterEnable)
                  2001199c    0000000a     drivers_cc32xx.a : UART2CC32XX.c.obj (.text.OUTLINED_FUNCTION_1)
                  200119a6    0000000a                      : UART2CC32XX.c.obj (.text.OUTLINED_FUNCTION_2)
                  200119b0    0000000a     libclang_rt.builtins.a : aeabi_memset.S.obj (.text.__aeabi_memset)
                  200119ba    0000000a     ti_drivers_config.o (.text.dmaErrorFxn)
                  200119c4    00000008     nortos_cc32xx.a : HwiPCC32XX_nortos.c.obj (.text.HwiP_disable)
                  200119cc    00000008                     : HwiPCC32XX_nortos.c.obj (.text.HwiP_restore)
                  200119d4    00000008     drivers_cc32xx.a : I2CCC32XX.c.obj (.text.I2CCC32XX_blockingCallback)
                  200119dc    00000008                      : I2CCC32XX.c.obj (.text.I2CSupport_controllerFinish)
                  200119e4    00000008     driverlib.a : prcm.obj (.text.PRCMSleepEnter)
                  200119ec    00000008                 : utils.obj (.text.UtilsDelay)
                  200119f4    00000008     libc.a : aeabi_portable.c.obj (.text.__aeabi_errno_addr)
                  200119fc    00000008     libclang_rt.builtins.a : aeabi_memset.S.obj (.text.__aeabi_memclr)
                  20011a04    00000008     libc.a : memory.c.obj (.text.malloc)
                  20011a0c    00000006     drivers_cc32xx.a : I2CCC32XX.c.obj (.text.I2CSupport_powerRelConstraint)
                  20011a12    00000006                      : I2CCC32XX.c.obj (.text.I2CSupport_powerSetConstraint)
                  20011a18    00000006                      : UART2CC32XX.c.obj (.text.UART2Support_powerRelConstraint)
                  20011a1e    00000004     nortos_cc32xx.a : ClockPSysTick_nortos.c.obj (.text.ClockP_doTick)
                  20011a22    00000004                     : HwiPCC32XX_nortos.c.obj (.text.HwiP_clearInterrupt)
                  20011a26    00000004                     : HwiPCC32XX_nortos.c.obj (.text.HwiP_disableInterrupt)
                  20011a2a    00000004                     : HwiPCC32XX_nortos.c.obj (.text.HwiP_enable)
                  20011a2e    00000004                     : HwiPCC32XX_nortos.c.obj (.text.HwiP_enableInterrupt)
                  20011a32    00000004                     : HwiPCC32XX_nortos.c.obj (.text.HwiP_post)
                  20011a36    00000004     driverlib.a : interrupt.obj (.text.IntDefaultHandler)
                  20011a3a    00000004     nortos_cc32xx.a : NoRTOS.c.obj (.text.NoRTOS_start)
                  20011a3e    00000004     drivers_cc32xx.a : RingBuf.c.obj (.text.RingBuf_getCount)
                  20011a42    00000004     nortos_cc32xx.a : SemaphoreP_nortos.c.obj (.text.SemaphoreP_delete)
                  20011a46    00000002     --HOLE-- [fill = 0]
                  20011a48    00000004     libclang_rt.builtins.a : aeabi_memcpy.S.obj (.text.__aeabi_memcpy)
                  20011a4c    00000004     libc.a : pre_init.c.obj (.text._system_pre_init)
                  20011a50    00000004            : exit.c.obj (.text:abort)

.ramVecs   0    20000000    0000030c     NOLOAD SECTION
                  20000000    0000030c     nortos_cc32xx.a : startup_cc32xx_ticlang.c.obj (.ramVecs)

.stack     0    20003000    00001000     UNINITIALIZED
                  20003000    00000004     libc.a : boot_cortex_m.c.obj (.stack)
                  20003004    00000ffc     --HOLE--

.resetVecs 
*          0    20004000    00000040     
                  20004000    00000040     nortos_cc32xx.a : startup_cc32xx_ticlang.c.obj (.resetVecs)

.sysmem    0    20004040    00008000     UNINITIALIZED
                  20004040    00000010     libc.a : memory.c.obj (.sysmem)
                  20004050    00007ff0     --HOLE--

.cinit     0    20011a54    000000fc     
                  20011a54    000000d6     (.cinit..data.load) [load image, compression = lzss]
                  20011b2a    00000002     --HOLE-- [fill = 0]
                  20011b2c    0000000c     (__TI_handler_table)
                  20011b38    00000008     (.cinit..bss.load) [load image, compression = zero_init]
                  20011b40    00000010     (__TI_cinit_table)

.rodata    0    20012ce0    000005b5     
                  20012ce0    00000101     libc.a : aeabi_ctype.S.obj (.rodata:__aeabi_ctype_table_)
                  20012de1    00000002     drivers_cc32xx.a : UART2CC32XX.c.obj (.rodata.stopBits)
                  20012de3    00000001     ti_drivers_config.o (.rodata.GPIO_pinUpperBound)
                  20012de4    00000100     driverlib.a : pin.obj (.rodata.g_ulPinToPadMap)
                  20012ee4    000000d4                 : interrupt.obj (.rodata.g_pulRegs)
                  20012fb8    000000a8                 : prcm.obj (.rodata.PRCM_PeriphRegsList)
                  20013060    00000044     ti_drivers_config.o (.rodata.PowerCC32XX_config)
                  200130a4    00000038     ti_drivers_config.o (.rodata.uart2CC32XXHWAttrs0)
                  200130dc    00000028     drivers_cc32xx.a : GPIOCC32XX.c.obj (.rodata.portConfigs)
                  20013104    00000024                      : UART2.c.obj (.rodata.UART2_defaultParams)
                  20013128    00000021                      : GPIOCC32XX.c.obj (.rodata.pinTable)
                  20013149    00000001     ti_drivers_config.o (.rodata.I2C_count)
                  2001314a    00000001     ti_drivers_config.o (.rodata.Timer_count)
                  2001314b    00000001     ti_drivers_config.o (.rodata.UART2_count)
                  2001314c    0000001b     gpiointerrupt.o (.rodata.str1.119337933097536889414)
                  20013167    00000001     --HOLE-- [fill = 0]
                  20013168    00000018     driverlib.a : interrupt.obj (.rodata.g_pulDisRegs)
                  20013180    00000018                 : interrupt.obj (.rodata.g_pulEnRegs)
                  20013198    00000018                 : interrupt.obj (.rodata.g_pulPendRegs)
                  200131b0    00000018                 : interrupt.obj (.rodata.g_pulUnpendRegs)
                  200131c8    00000015     gpiointerrupt.o (.rodata.str1.149745159178111864791)
                  200131dd    00000003     --HOLE-- [fill = 0]
                  200131e0    00000014     ti_drivers_config.o (.rodata.i2cCC32XXHWAttrs)
                  200131f4    00000011     libc.a : _printfi.c.obj (.rodata.str1.11645776875810915891)
                  20013205    00000011            : _printfi.c.obj (.rodata.str1.44690500295887128011)
                  20013216    00000002     --HOLE-- [fill = 0]
                  20013218    00000010     ti_drivers_config.o (.rodata.GPIO_config)
                  20013228    00000010     drivers_cc32xx.a : I2CCC32XX.c.obj (.rodata.cst16)
                  20013238    00000010     ti_drivers_config.o (.rodata.timerCC32XXHWAttrs)
                  20013248    0000000c     drivers_cc32xx.a : Timer.c.obj (.rodata.defaultParams)
                  20013254    0000000c                      : TimerCC32XX.c.obj (.rodata.defaultParams)
                  20013260    0000000c     ti_drivers_config.o (.rodata.udmaCC3220SHWAttrs)
                  2001326c    00000008     ti_drivers_config.o (.rodata.I2C_config)
                  20013274    00000008     ti_drivers_config.o (.rodata.Timer_config)
                  2001327c    00000008     ti_drivers_config.o (.rodata.UART2_config)
                  20013284    00000008     ti_drivers_config.o (.rodata.UDMACC32XX_config)
                  2001328c    00000005     drivers_cc32xx.a : UART2CC32XX.c.obj (.rodata.parityType)
                  20013291    00000004                      : UART2CC32XX.c.obj (.rodata.cst4)

.init_array 
*          0    20004000    00000000     UNINITIALIZED

.bss       0    20011c00    00000a33     UNINITIALIZED
                  20011c00    00000400     ti_drivers_config.o (.bss.dmaControlTable)
                  20012000    00000178     (.common:uart2CC32XXObjects0)
                  20012178    0000012c     (.common:PowerCC32XX_contextSave)
                  200122a4    000000fc     (.common:i2cCC32XXObjects)
                  200123a0    00000084     (.common:gpioCallbackFunctions)
                  20012424    00000084     (.common:gpioUserArgs)
                  200124a8    00000084     (.common:timerCC32XXObjects)
                  2001252c    00000040     (.common:output)
                  2001256c    00000024     (.common:tasks)
                  20012590    00000020     ti_drivers_config.o (.bss.uart2RxRingBuffer0)
                  200125b0    00000020     ti_drivers_config.o (.bss.uart2TxRingBuffer0)
                  200125d0    00000020     (.common:i2cTransaction)
                  200125f0    00000014     drivers_cc32xx.a : UDMACC32XX.c.obj (.bss.postNotifyObj)
                  20012604    00000004     nortos_cc32xx.a : ClockPSysTick_nortos.c.obj (.bss.sysTickPeriod)
                  20012608    00000010     (.common:ClockP_ctrl)
                  20012618    00000008     (.common:udmaCC3220SObject)
                  20012620    00000004     libc.a : memory.c.obj (.bss.sys_free)
                  20012624    00000004     drivers_cc32xx.a : TimerCC32XX.c.obj (.bss.timerState.0)
                  20012628    00000004     (.common:i2c)
                  2001262c    00000004     (.common:uart)
                  20012630    00000002     (.common:rxBuffer)
                  20012632    00000001     (.common:txBuffer)

.data      0    20012638    0000069d     UNINITIALIZED
                  20012638    0000030c     nortos_cc32xx.a : HwiPCC32XX_nortos.c.obj (.data.HwiP_dispatchTable)
                  20012944    0000016c     drivers_cc32xx.a : PowerCC32XX.c.obj (.data.PowerCC32XX_module)
                  20012ab0    000000f8     ti_drivers_config.o (.data.parkInfo)
                  20012ba8    00000084     ti_drivers_config.o (.data.gpioPinConfigs)
                  20012c2c    0000004c     nortos_cc32xx.a : SwiP_nortos.c.obj (.data..L_MergedGlobals)
                  20012c78    00000018     drivers_cc32xx.a : GPIOCC32XX.c.obj (.data..L_MergedGlobals)
                  20012c90    00000010     gpiointerrupt.o (.data..L_MergedGlobals)
                  20012ca0    00000010     nortos_cc32xx.a : SemaphoreP_nortos.c.obj (.data..L_MergedGlobals)
                  20012cb0    00000008     drivers_cc32xx.a : UDMACC32XX.c.obj (.data..L_MergedGlobals)
                  20012cb8    00000008     nortos_cc32xx.a : ClockPSysTick_nortos.c.obj (.data..L_MergedGlobals)
                  20012cc0    00000004                     : HwiPCC32XX_nortos.c.obj (.data.HwiP_swiPIntNum)
                  20012cc4    00000004     libc.a : aeabi_portable.c.obj (.data.__aeabi_errno)
                  20012cc8    00000004            : _lock.c.obj (.data._lock)
                  20012ccc    00000004            : _lock.c.obj (.data._unlock)
                  20012cd0    00000001     gpiointerrupt.o (.data.TimerFlag)
                  20012cd1    00000001     drivers_cc32xx.a : GPIOCC32XX.c.obj (.data.initCalled)
                  20012cd2    00000001                      : GPIOCC32XX.c.obj (.data.portHwiCreatedBitMask)
                  20012cd3    00000001     --HOLE--
                  20012cd4    00000001     libc.a : memory.c.obj (.data.memory_is_initialized)

.log_data 
*          0    90000000    00000000     COPY SECTION

.log_ptr   0    94000008    00000000     COPY SECTION

__llvm_prf_cnts 
*          0    20004000    00000000     UNINITIALIZED

__llvm_prf_bits 
*          0    20004000    00000000     UNINITIALIZED

MODULE SUMMARY

       Module                         code    ro data   rw data
       ------                         ----    -------   -------
    .\
       gpiointerrupt.o                704     48        160    
       main_nortos.o                  16      0         0      
    +--+------------------------------+-------+---------+---------+
       Total:                         720     48        160    
                                                               
    .\syscfg\
       ti_drivers_config.o            34      224       2500   
    +--+------------------------------+-------+---------+---------+
       Total:                         34      224       2500   
                                                               
    C:/ti/simplelink_cc32xx_sdk_7_10_00_13/kernel/nortos/lib/ticlang/m4/nortos_cc32xx.a
       HwiPCC32XX_nortos.c.obj        308     0         784    
       startup_cc32xx_ticlang.c.obj   88      64        780    
       ClockPSysTick_nortos.c.obj     524     0         28     
       SemaphoreP_nortos.c.obj        392     0         16     
       PowerCC32XX_nortos.c.obj       404     0         0      
       SwiP_nortos.c.obj              84      0         76     
       NoRTOS.c.obj                   4       0         0      
    +--+------------------------------+-------+---------+---------+
       Total:                         1804    64        1684   
                                                               
    C:/ti/simplelink_cc32xx_sdk_7_10_00_13/source/ti/devices/cc32xx/driverlib/ticlang/Release/driverlib.a
       prcm.obj                       2564    168       0      
       interrupt.obj                  868     308       0      
       pin.obj                        750     256       0      
       udma.obj                       806     0         0      
       i2c.obj                        658     0         0      
       uart.obj                       490     0         0      
       gpio.obj                       412     0         0      
       timer.obj                      278     0         0      
       flash.obj                      92      0         0      
       systick.obj                    76      0         0      
       cpu.obj                        62      0         0      
       utils.obj                      8       0         0      
    +--+------------------------------+-------+---------+---------+
       Total:                         7064    732       0      
                                                               
    C:/ti/simplelink_cc32xx_sdk_7_10_00_13/source/ti/drivers/lib/ticlang/m4/drivers_cc32xx.a
       PowerCC32XX.c.obj              2052    0         664    
       UART2CC32XX.c.obj              2198    11        0      
       I2CCC32XX.c.obj                1242    16        0      
       GPIOCC32XX.c.obj               1000    73        26     
       TimerCC32XX.c.obj              880     12        4      
       UART2.c.obj                    762     36        0      
       I2C.c.obj                      366     0         0      
       RingBuf.c.obj                  272     0         0      
       UDMACC32XX.c.obj               242     0         28     
       Timer.c.obj                    150     12        0      
       PowerCC32XX_ticlang.asm.obj    150     0         0      
       List.c.obj                     76      0         0      
       GPIO.c.obj                     28      0         0      
    +--+------------------------------+-------+---------+---------+
       Total:                         9418    160       722    
                                                               
    C:\ti\ccs1281\ccs\tools\compiler\ti-cgt-armllvm_3.2.2.LTS\lib\armv7em-ti-none-eabi/c/libc.a
       _printfi.c.obj                 2170    34        0      
       memory.c.obj                   712     0         5      
       aeabi_ctype.S.obj              0       257       0      
       snprintf.c.obj                 140     0         0      
       copy_decompress_lzss.c.obj     112     0         0      
       atoi.c.obj                     64      0         0      
       autoinit.c.obj                 56      0         0      
       boot_cortex_m.c.obj            36      0         0      
       memccpy.c.obj                  30      0         0      
       memcpy_t2.S.obj                18      0         0      
       copy_zero_init.c.obj           16      0         0      
       wcslen.c.obj                   16      0         0      
       copy_decompress_none.c.obj     14      0         0      
       memset_t2.S.obj                14      0         0      
       aeabi_portable.c.obj           8       0         4      
       _lock.c.obj                    2       0         8      
       exit.c.obj                     4       0         0      
       pre_init.c.obj                 4       0         0      
    +--+------------------------------+-------+---------+---------+
       Total:                         3416    291       17     
                                                               
    C:\ti\ccs1281\ccs\tools\compiler\ti-cgt-armllvm_3.2.2.LTS\lib\clang/15.0.7/lib/armv7em-ti-none-eabi/libclang_rt.builtins.a
       muldf3.S.obj                   252     0         0      
       udivmoddi4.S.obj               176     0         0      
       fixdfsi.S.obj                  72      0         0      
       floatsidf.S.obj                46      0         0      
       aeabi_uldivmod.S.obj           20      0         0      
       aeabi_memset.S.obj             18      0         0      
       aeabi_memcpy.S.obj             4       0         0      
       aeabi_div0.c.obj               2       0         0      
    +--+------------------------------+-------+---------+---------+
       Total:                         590     0         0      
                                                               
       Heap:                          0       0         32768  
       Stack:                         0       0         4096   
       Linker Generated:              0       250       0      
    +--+------------------------------+-------+---------+---------+
       Grand Total:                   23046   1769      41947  


LINKER GENERATED COPY TABLES

__TI_cinit_table @ 20011b40 records: 2, size/record: 8, table size: 16
	.data: load addr=20011a54, load size=000000d6 bytes, run addr=20012638, run size=0000069d bytes, compression=lzss
	.bss: load addr=20011b38, load size=00000008 bytes, run addr=20011c00, run size=00000a33 bytes, compression=zero_init


LINKER GENERATED HANDLER TABLE

__TI_handler_table @ 20011b2c records: 3, size/record: 4, table size: 12
	index: 0, handler: __TI_decompress_lzss
	index: 1, handler: __TI_decompress_none
	index: 2, handler: __TI_zero_init


GLOBAL SYMBOLS: SORTED ALPHABETICALLY BY Name 

address   name                             
-------   ----                             
20011439  Board_init                       
2000d36b  Board_initHook                   
20011a50  C$$EXIT                          
2001152b  CPUcpsid                         
2001153f  CPUcpsie                         
20011975  CPUprimask                       
200118c1  CPUwfi                           
20011659  ClockP_add                       
20012608  ClockP_ctrl                      
200105b5  ClockP_destruct                  
20011a1f  ClockP_doTick                    
20011731  ClockP_getCpuFreq                
20011741  ClockP_getSystemTicks            
2001097d  ClockP_getTicksUntilInterrupt    
2001197f  ClockP_isActive                  
20011751  ClockP_setTicks                  
200107a9  ClockP_start                     
2000f921  ClockP_startup                   
200104c5  ClockP_stop                      
2000fdd5  ClockP_sysTickHandler            
20012cbc  ClockP_tickPeriod                
2000f755  FlashDisable                     
2001009f  GPIODirModeSet                   
2001166b  GPIOIntClear                     
20011309  GPIOIntDisable                   
200113bf  GPIOIntEnable                    
20010afd  GPIOIntStatus                    
2000e875  GPIOIntTypeSet                   
200113d7  GPIOPinRead                      
20011009  GPIOPinWrite                     
20013218  GPIO_config                      
200100e5  GPIO_disableInt                  
20010129  GPIO_enableInt                   
2000fad1  GPIO_hwiIntFxn                   
2000edf9  GPIO_init                        
20012de3  GPIO_pinUpperBound               
20010d11  GPIO_read                        
20011245  GPIO_setCallback                 
2000d945  GPIO_setConfig                   
2000fc11  GPIO_setInterruptConfig          
2000f695  GPIO_write                       
2001167d  HwiP_Params_init                 
20011a23  HwiP_clearInterrupt              
2000f095  HwiP_construct                   
20010c69  HwiP_create                      
2001168f  HwiP_delete                      
20011553  HwiP_destruct                    
200119c5  HwiP_disable                     
20011a27  HwiP_disableInterrupt            
20011261  HwiP_dispatch                    
20011a2b  HwiP_enable                      
20011a2f  HwiP_enableInterrupt             
20011761  HwiP_inISR                       
20011851  HwiP_interruptsEnabled           
20011a33  HwiP_post                        
200119cd  HwiP_restore                     
20012cc0  HwiP_swiPIntNum                  
200109ad  I2CFIFODataGetNonBlocking        
200107dd  I2CFIFODataPutNonBlocking        
2001185f  I2CFIFOStatus                    
2001144f  I2CMasterBurstLengthSet          
20010d39  I2CMasterBusBusy                 
20011771  I2CMasterControl                 
200116a1  I2CMasterDisable                 
200116b3  I2CMasterEnable                  
2000eba1  I2CMasterInitExpClk              
20011781  I2CMasterIntClearEx              
20011465  I2CMasterIntDisableEx            
20011567  I2CMasterIntEnableEx             
20010be3  I2CMasterIntStatusEx             
20010d61  I2CMasterSlaveAddrSet            
20011791  I2CMasterTimeoutSet              
20010ea1  I2CRxFIFOConfigSet               
2001147b  I2CRxFIFOFlush                   
200119dd  I2CSupport_controllerFinish      
20011a0d  I2CSupport_powerRelConstraint    
20011a13  I2CSupport_powerSetConstraint    
2000f7b1  I2CSupport_primeTransfer         
20010d89  I2CTxFIFOConfigSet               
20011491  I2CTxFIFOFlush                   
200118d9  I2C_Params_init                  
20010db1  I2C_cancel                       
2001326c  I2C_config                       
20013149  I2C_count                        
2000dce3  I2C_init                         
2000e21d  I2C_open                         
200116c5  I2C_transfer                     
2000dbbd  I2C_transferTimeout              
UNDEFED   ITM_flush                        
UNDEFED   ITM_restore                      
2000e4b9  IntDisable                       
2000e581  IntEnable                        
20011989  IntMasterDisable                 
20011993  IntMasterEnable                  
2000f5c5  IntPendClear                     
2000e921  IntPendSet                       
2000f979  IntPrioritySet                   
20011091  IntRegister                      
20010ec5  IntUnregister                    
2001157b  IntVTableBaseSet                 
20010ee9  List_put                         
20010dd9  List_remove                      
20011a3b  NoRTOS_start                     
2000c8ad  PRCMCC3200MCUInit                
20011323  PRCMHIBRegRead                   
2001133d  PRCMHIBRegWrite                  
2000f109  PRCMHibernateWakeUpGPIOSelect    
2000f80d  PRCMHibernateWakeupSourceDisable 
2000fb21  PRCMHibernateWakeupSourceEnable  
2000fe1d  PRCMIntEnable                    
2000f9d1  PRCMLPDSEnter                    
20010013  PRCMLPDSEnterKeepDebugIf         
200109dd  PRCMLPDSIntervalSet              
2000fc5d  PRCMLPDSRestoreInfoSet           
20010c93  PRCMLPDSWakeUpGPIOSelect         
200118fd  PRCMLPDSWakeupCauseGet           
20011357  PRCMLPDSWakeupSourceDisable      
20010f0d  PRCMLPDSWakeupSourceEnable       
20010cbd  PRCMPeripheralClkDisable         
2000f8c5  PRCMPeripheralClkEnable          
2000f4f1  PRCMPeripheralReset              
2000fe65  PRCMPeripheralStatusGet          
20010e01  PRCMSRAMRetentionEnable          
200119e5  PRCMSleepEnter                   
20010a0d  PRCMSlowClkCtrFastGet            
2000ee89  PRCMSysResetCauseGet             
2000fead  PinConfigGet                     
2000e9c5  PinConfigSet                     
20010811  PinDirModeGet                    
20010485  PinDirModeSet                    
20010705  PinLock                          
2000f2d5  PinLockLevelSet                  
20010845  PinModeGet                       
2001027d  PinModeSet                       
20011371  PinToPadGet                      
200110b1  PinTypeI2C                       
20011171  PinTypeUART                      
2001102b  PinUnlock                        
20013060  PowerCC32XX_config               
2000ef19  PowerCC32XX_configureWakeup      
20012178  PowerCC32XX_contextSave          
2000ecd1  PowerCC32XX_enterLPDS            
20010e29  PowerCC32XX_getParkState         
2000eb03  PowerCC32XX_initPolicy           
20012944  PowerCC32XX_module               
20010879  PowerCC32XX_parkPin              
200110d1  PowerCC32XX_reset                
20010f31  PowerCC32XX_restoreParkState     
20010f55  PowerCC32XX_restoreParkedPin     
2000ed15  PowerCC32XX_resumeLPDS           
2000fa29  PowerCC32XX_setParkState         
2000d6ad  PowerCC32XX_sleepPolicy          
20011591  Power_disablePolicy              
200117a1  Power_enablePolicy               
20011909  Power_getConstraintMask          
200115a5  Power_getTransitionLatency       
200115b9  Power_idleFunc                   
2000f01d  Power_init                       
20010f79  Power_registerNotify             
2001016d  Power_releaseConstraint          
2000fa7d  Power_releaseDependency          
200105ed  Power_setConstraint              
2000f341  Power_setDependency              
2000cd65  Power_sleep                      
200110f1  Power_unregisterNotify           
200117b1  RingBuf_construct                
20010b2b  RingBuf_getConsume               
20011a3f  RingBuf_getCount                 
2001104d  RingBuf_getPointer               
20010059  RingBuf_put                      
20010625  RingBuf_putAdvance               
20010b59  RingBuf_putPointer               
2000fb71  SemaphoreP_construct             
20011111  SemaphoreP_constructBinary       
200113ef  SemaphoreP_create                
20011131  SemaphoreP_createBinary          
20012ca8  SemaphoreP_defaultParams         
20011a43  SemaphoreP_delete                
2000ef17  SemaphoreP_destruct              
2000ec39  SemaphoreP_pend                  
20010385  SemaphoreP_post                  
2001127d  SwiP_disable                     
2001065d  SwiP_restore                     
200116d7  SysTickEnable                    
200116e9  SysTickIntDisable                
200116fb  SysTickIntEnable                 
200114a7  SysTickPeriodSet                 
2001171f  TI_memcpy_small                  
200118a5  TI_memset_small                  
2000f869  TimerCC32XX_allocateTimerResource
200108ad  TimerCC32XX_freeTimerResource    
200102bf  TimerControlStall                
20011151  TimerDisable                     
2001138b  TimerEnable                      
20012cd0  TimerFlag                        
200117c1  TimerIntClear                    
200114bd  TimerIntDisable                  
200115cd  TimerIntEnable                   
20010a3d  TimerLoadSet                     
20010a6d  TimerPrescaleSet                 
20010e51  TimerSupport_timerDisable        
20010579  TimerSupport_timerEnable         
200117d1  Timer_Params_init                
20010301  Timer_close                      
20013274  Timer_config                     
2001314a  Timer_count                      
2000f01b  Timer_init                       
2000d7fd  Timer_open                       
200101b1  Timer_start                      
200103c5  Timer_stop                       
20010f9d  UART2Support_disableRx           
20011921  UART2Support_disableTx           
2000e3ed  UART2Support_dmaStartRx          
2000e70d  UART2Support_dmaStartTx          
2000fcf5  UART2Support_dmaStopRx           
2000f6f5  UART2Support_dmaStopTx           
2001192d  UART2Support_enableTx            
20011a19  UART2Support_powerRelConstraint  
2001106f  UART2Support_sendData            
200117e1  UART2Support_txDone              
20011939  UART2_Params_init                
2000e305  UART2_close                      
2001327c  UART2_config                     
2001314b  UART2_count                      
20013104  UART2_defaultParams              
2000d36d  UART2_open                       
200108e1  UART2_rxDisable                  
2001186d  UART2_write                      
2001118f  UART2_writeTimeout               
2000d539  UART2_writeTimeoutBlocking       
2000de05  UART2_writeTimeoutNonblocking    
200117f1  UARTBusy                         
20010771  UARTCharPutNonBlocking           
200114d3  UARTCharsAvail                   
2000f17d  UARTConfigSetExpClk              
200114e9  UARTDMADisable                   
200115e1  UARTDMAEnable                    
20010b87  UARTDisable                      
200111ad  UARTEnable                       
200114ff  UARTFIFOLevelSet                 
200113a5  UARTFlowControlSet               
20011801  UARTIntClear                     
20011515  UARTIntDisable                   
200115f5  UARTIntEnable                    
20010ce7  UARTIntStatus                    
20011811  UARTRxErrorGet                   
20010695  UDMACC32XX_close                 
20013284  UDMACC32XX_config                
20010501  UDMACC32XX_init                  
2000f3ad  UDMACC32XX_open                  
200119ed  UtilsDelay                       
20004000  __STACK_END                      
00001000  __STACK_SIZE                     
00008000  __SYSMEM_SIZE                    
00000000  __TI_ATRegion0_region_sz         
00000000  __TI_ATRegion0_src_addr          
00000000  __TI_ATRegion0_trg_addr          
00000000  __TI_ATRegion1_region_sz         
00000000  __TI_ATRegion1_src_addr          
00000000  __TI_ATRegion1_trg_addr          
00000000  __TI_ATRegion2_region_sz         
00000000  __TI_ATRegion2_src_addr          
00000000  __TI_ATRegion2_trg_addr          
20011b40  __TI_CINIT_Base                  
20011b50  __TI_CINIT_Limit                 
20011b50  __TI_CINIT_Warm                  
20011b2c  __TI_Handler_Table_Base          
20011b38  __TI_Handler_Table_Limit         
200106cd  __TI_auto_init_nobinit_nopinit   
2000f265  __TI_decompress_lzss             
200118b3  __TI_decompress_none             
ffffffff  __TI_pprof_out_hndl              
2000c041  __TI_printfi_nofloat             
ffffffff  __TI_prof_data_size              
ffffffff  __TI_prof_data_start             
20011a54  __TI_static_base__               
20011841  __TI_zero_init                   
20012ce0  __aeabi_ctype_table_             
20012ce0  __aeabi_ctype_table_C            
2000fef5  __aeabi_d2iz                     
2000e031  __aeabi_dmul                     
20012cc4  __aeabi_errno                    
200119f5  __aeabi_errno_addr               
20010bb5  __aeabi_i2d                      
2000f693  __aeabi_ldiv0                    
200119fd  __aeabi_memclr                   
200119fd  __aeabi_memclr4                  
200119fd  __aeabi_memclr8                  
20011a49  __aeabi_memcpy                   
20011a49  __aeabi_memcpy4                  
20011a49  __aeabi_memcpy8                  
200119b1  __aeabi_memset                   
200119b1  __aeabi_memset4                  
200119b1  __aeabi_memset8                  
20011609  __aeabi_uldivmod                 
ffffffff  __binit__                        
2000fef5  __fixdfsi                        
20010bb5  __floatsidf                      
UNDEFED   __mpu_init                       
2000e031  __muldf3                         
20003000  __stack                          
20004000  __start___llvm_prf_bits          
20004000  __start___llvm_prf_cnts          
20004000  __stop___llvm_prf_bits           
20004000  __stop___llvm_prf_cnts           
2000e7c5  __udivmoddi4                     
20010fe5  _c_int00_noargs                  
20012cc8  _lock                            
2000f91f  _nop                             
20004040  _sys_memory                      
UNDEFED   _system_post_cinit               
20011a4d  _system_pre_init                 
20012ccc  _unlock                          
20011a51  abort                            
2000dce5  aligned_alloc                    
20010405  atoi                             
ffffffff  binit                            
20012c90  buttonPressed                    
20010915  checkButtons                     
2000fc0f  clkFxn                           
2000e12d  free                             
20011945  gpioButtonFxn0                   
200123a0  gpioCallbackFunctions            
20012ba8  gpioPinConfigs                   
20012424  gpioUserArgs                     
20012c93  heaterOn                         
20012628  i2c                              
200131e0  i2cCC32XXHWAttrs                 
200122a4  i2cCC32XXObjects                 
200125d0  i2cTransaction                   
2000ff3d  initI2C                          
2001053d  initTimer                        
20010c3d  initUART                         
20010949  initVectors                      
20011821  main                             
2000eb05  mainThread                       
20011a05  malloc                           
2000dce5  memalign                         
200111cb  memccpy                          
2001252c  output                           
20012ab0  parkInfo                         
2000f1f1  readTemp                         
20011421  readTemperature                  
2000ff85  reportToUART                     
200112d1  resetISR                         
20012c92  roomTemp                         
20012630  rxBuffer                         
20012c94  secondsSinceReset                
20012c91  setPoint                         
20010239  snprintf                         
2001256c  tasks                            
20013238  timerCC32XXHWAttrs               
200124a8  timerCC32XXObjects               
2001195d  timerCallback                    
20012632  txBuffer                         
2000fbc1  uDMAChannelAssign                
2000ed67  uDMAChannelAttributeDisable      
20010445  uDMAChannelControlSet            
200111e9  uDMAChannelDisable               
20011207  uDMAChannelEnable                
20011225  uDMAChannelIsEnabled             
2000fd89  uDMAChannelSizeGet               
2000df1f  uDMAChannelTransferSet           
20011631  uDMAControlBaseSet               
20011889  uDMAEnable                       
20011897  uDMAErrorStatusClear             
20011969  uDMAErrorStatusGet               
20011645  uDMAIntClear                     
2001262c  uart                             
20012000  uart2CC32XXObjects0              
20010fc1  uartTask                         
20013260  udmaCC3220SHWAttrs               
20012618  udmaCC3220SObject                
200112ed  updateHeaterState                
20011831  wcslen                           


GLOBAL SYMBOLS: SORTED BY Symbol Address 

address   name                             
-------   ----                             
00000000  __TI_ATRegion0_region_sz         
00000000  __TI_ATRegion0_src_addr          
00000000  __TI_ATRegion0_trg_addr          
00000000  __TI_ATRegion1_region_sz         
00000000  __TI_ATRegion1_src_addr          
00000000  __TI_ATRegion1_trg_addr          
00000000  __TI_ATRegion2_region_sz         
00000000  __TI_ATRegion2_src_addr          
00000000  __TI_ATRegion2_trg_addr          
00001000  __STACK_SIZE                     
00008000  __SYSMEM_SIZE                    
20003000  __stack                          
20004000  __STACK_END                      
20004000  __start___llvm_prf_bits          
20004000  __start___llvm_prf_cnts          
20004000  __stop___llvm_prf_bits           
20004000  __stop___llvm_prf_cnts           
20004040  _sys_memory                      
2000c041  __TI_printfi_nofloat             
2000c8ad  PRCMCC3200MCUInit                
2000cd65  Power_sleep                      
2000d36b  Board_initHook                   
2000d36d  UART2_open                       
2000d539  UART2_writeTimeoutBlocking       
2000d6ad  PowerCC32XX_sleepPolicy          
2000d7fd  Timer_open                       
2000d945  GPIO_setConfig                   
2000dbbd  I2C_transferTimeout              
2000dce3  I2C_init                         
2000dce5  aligned_alloc                    
2000dce5  memalign                         
2000de05  UART2_writeTimeoutNonblocking    
2000df1f  uDMAChannelTransferSet           
2000e031  __aeabi_dmul                     
2000e031  __muldf3                         
2000e12d  free                             
2000e21d  I2C_open                         
2000e305  UART2_close                      
2000e3ed  UART2Support_dmaStartRx          
2000e4b9  IntDisable                       
2000e581  IntEnable                        
2000e70d  UART2Support_dmaStartTx          
2000e7c5  __udivmoddi4                     
2000e875  GPIOIntTypeSet                   
2000e921  IntPendSet                       
2000e9c5  PinConfigSet                     
2000eb03  PowerCC32XX_initPolicy           
2000eb05  mainThread                       
2000eba1  I2CMasterInitExpClk              
2000ec39  SemaphoreP_pend                  
2000ecd1  PowerCC32XX_enterLPDS            
2000ed15  PowerCC32XX_resumeLPDS           
2000ed67  uDMAChannelAttributeDisable      
2000edf9  GPIO_init                        
2000ee89  PRCMSysResetCauseGet             
2000ef17  SemaphoreP_destruct              
2000ef19  PowerCC32XX_configureWakeup      
2000f01b  Timer_init                       
2000f01d  Power_init                       
2000f095  HwiP_construct                   
2000f109  PRCMHibernateWakeUpGPIOSelect    
2000f17d  UARTConfigSetExpClk              
2000f1f1  readTemp                         
2000f265  __TI_decompress_lzss             
2000f2d5  PinLockLevelSet                  
2000f341  Power_setDependency              
2000f3ad  UDMACC32XX_open                  
2000f4f1  PRCMPeripheralReset              
2000f5c5  IntPendClear                     
2000f693  __aeabi_ldiv0                    
2000f695  GPIO_write                       
2000f6f5  UART2Support_dmaStopTx           
2000f755  FlashDisable                     
2000f7b1  I2CSupport_primeTransfer         
2000f80d  PRCMHibernateWakeupSourceDisable 
2000f869  TimerCC32XX_allocateTimerResource
2000f8c5  PRCMPeripheralClkEnable          
2000f91f  _nop                             
2000f921  ClockP_startup                   
2000f979  IntPrioritySet                   
2000f9d1  PRCMLPDSEnter                    
2000fa29  PowerCC32XX_setParkState         
2000fa7d  Power_releaseDependency          
2000fad1  GPIO_hwiIntFxn                   
2000fb21  PRCMHibernateWakeupSourceEnable  
2000fb71  SemaphoreP_construct             
2000fbc1  uDMAChannelAssign                
2000fc0f  clkFxn                           
2000fc11  GPIO_setInterruptConfig          
2000fc5d  PRCMLPDSRestoreInfoSet           
2000fcf5  UART2Support_dmaStopRx           
2000fd89  uDMAChannelSizeGet               
2000fdd5  ClockP_sysTickHandler            
2000fe1d  PRCMIntEnable                    
2000fe65  PRCMPeripheralStatusGet          
2000fead  PinConfigGet                     
2000fef5  __aeabi_d2iz                     
2000fef5  __fixdfsi                        
2000ff3d  initI2C                          
2000ff85  reportToUART                     
20010013  PRCMLPDSEnterKeepDebugIf         
20010059  RingBuf_put                      
2001009f  GPIODirModeSet                   
200100e5  GPIO_disableInt                  
20010129  GPIO_enableInt                   
2001016d  Power_releaseConstraint          
200101b1  Timer_start                      
20010239  snprintf                         
2001027d  PinModeSet                       
200102bf  TimerControlStall                
20010301  Timer_close                      
20010385  SemaphoreP_post                  
200103c5  Timer_stop                       
20010405  atoi                             
20010445  uDMAChannelControlSet            
20010485  PinDirModeSet                    
200104c5  ClockP_stop                      
20010501  UDMACC32XX_init                  
2001053d  initTimer                        
20010579  TimerSupport_timerEnable         
200105b5  ClockP_destruct                  
200105ed  Power_setConstraint              
20010625  RingBuf_putAdvance               
2001065d  SwiP_restore                     
20010695  UDMACC32XX_close                 
200106cd  __TI_auto_init_nobinit_nopinit   
20010705  PinLock                          
20010771  UARTCharPutNonBlocking           
200107a9  ClockP_start                     
200107dd  I2CFIFODataPutNonBlocking        
20010811  PinDirModeGet                    
20010845  PinModeGet                       
20010879  PowerCC32XX_parkPin              
200108ad  TimerCC32XX_freeTimerResource    
200108e1  UART2_rxDisable                  
20010915  checkButtons                     
20010949  initVectors                      
2001097d  ClockP_getTicksUntilInterrupt    
200109ad  I2CFIFODataGetNonBlocking        
200109dd  PRCMLPDSIntervalSet              
20010a0d  PRCMSlowClkCtrFastGet            
20010a3d  TimerLoadSet                     
20010a6d  TimerPrescaleSet                 
20010afd  GPIOIntStatus                    
20010b2b  RingBuf_getConsume               
20010b59  RingBuf_putPointer               
20010b87  UARTDisable                      
20010bb5  __aeabi_i2d                      
20010bb5  __floatsidf                      
20010be3  I2CMasterIntStatusEx             
20010c3d  initUART                         
20010c69  HwiP_create                      
20010c93  PRCMLPDSWakeUpGPIOSelect         
20010cbd  PRCMPeripheralClkDisable         
20010ce7  UARTIntStatus                    
20010d11  GPIO_read                        
20010d39  I2CMasterBusBusy                 
20010d61  I2CMasterSlaveAddrSet            
20010d89  I2CTxFIFOConfigSet               
20010db1  I2C_cancel                       
20010dd9  List_remove                      
20010e01  PRCMSRAMRetentionEnable          
20010e29  PowerCC32XX_getParkState         
20010e51  TimerSupport_timerDisable        
20010ea1  I2CRxFIFOConfigSet               
20010ec5  IntUnregister                    
20010ee9  List_put                         
20010f0d  PRCMLPDSWakeupSourceEnable       
20010f31  PowerCC32XX_restoreParkState     
20010f55  PowerCC32XX_restoreParkedPin     
20010f79  Power_registerNotify             
20010f9d  UART2Support_disableRx           
20010fc1  uartTask                         
20010fe5  _c_int00_noargs                  
20011009  GPIOPinWrite                     
2001102b  PinUnlock                        
2001104d  RingBuf_getPointer               
2001106f  UART2Support_sendData            
20011091  IntRegister                      
200110b1  PinTypeI2C                       
200110d1  PowerCC32XX_reset                
200110f1  Power_unregisterNotify           
20011111  SemaphoreP_constructBinary       
20011131  SemaphoreP_createBinary          
20011151  TimerDisable                     
20011171  PinTypeUART                      
2001118f  UART2_writeTimeout               
200111ad  UARTEnable                       
200111cb  memccpy                          
200111e9  uDMAChannelDisable               
20011207  uDMAChannelEnable                
20011225  uDMAChannelIsEnabled             
20011245  GPIO_setCallback                 
20011261  HwiP_dispatch                    
2001127d  SwiP_disable                     
200112d1  resetISR                         
200112ed  updateHeaterState                
20011309  GPIOIntDisable                   
20011323  PRCMHIBRegRead                   
2001133d  PRCMHIBRegWrite                  
20011357  PRCMLPDSWakeupSourceDisable      
20011371  PinToPadGet                      
2001138b  TimerEnable                      
200113a5  UARTFlowControlSet               
200113bf  GPIOIntEnable                    
200113d7  GPIOPinRead                      
200113ef  SemaphoreP_create                
20011421  readTemperature                  
20011439  Board_init                       
2001144f  I2CMasterBurstLengthSet          
20011465  I2CMasterIntDisableEx            
2001147b  I2CRxFIFOFlush                   
20011491  I2CTxFIFOFlush                   
200114a7  SysTickPeriodSet                 
200114bd  TimerIntDisable                  
200114d3  UARTCharsAvail                   
200114e9  UARTDMADisable                   
200114ff  UARTFIFOLevelSet                 
20011515  UARTIntDisable                   
2001152b  CPUcpsid                         
2001153f  CPUcpsie                         
20011553  HwiP_destruct                    
20011567  I2CMasterIntEnableEx             
2001157b  IntVTableBaseSet                 
20011591  Power_disablePolicy              
200115a5  Power_getTransitionLatency       
200115b9  Power_idleFunc                   
200115cd  TimerIntEnable                   
200115e1  UARTDMAEnable                    
200115f5  UARTIntEnable                    
20011609  __aeabi_uldivmod                 
20011631  uDMAControlBaseSet               
20011645  uDMAIntClear                     
20011659  ClockP_add                       
2001166b  GPIOIntClear                     
2001167d  HwiP_Params_init                 
2001168f  HwiP_delete                      
200116a1  I2CMasterDisable                 
200116b3  I2CMasterEnable                  
200116c5  I2C_transfer                     
200116d7  SysTickEnable                    
200116e9  SysTickIntDisable                
200116fb  SysTickIntEnable                 
2001171f  TI_memcpy_small                  
20011731  ClockP_getCpuFreq                
20011741  ClockP_getSystemTicks            
20011751  ClockP_setTicks                  
20011761  HwiP_inISR                       
20011771  I2CMasterControl                 
20011781  I2CMasterIntClearEx              
20011791  I2CMasterTimeoutSet              
200117a1  Power_enablePolicy               
200117b1  RingBuf_construct                
200117c1  TimerIntClear                    
200117d1  Timer_Params_init                
200117e1  UART2Support_txDone              
200117f1  UARTBusy                         
20011801  UARTIntClear                     
20011811  UARTRxErrorGet                   
20011821  main                             
20011831  wcslen                           
20011841  __TI_zero_init                   
20011851  HwiP_interruptsEnabled           
2001185f  I2CFIFOStatus                    
2001186d  UART2_write                      
20011889  uDMAEnable                       
20011897  uDMAErrorStatusClear             
200118a5  TI_memset_small                  
200118b3  __TI_decompress_none             
200118c1  CPUwfi                           
200118d9  I2C_Params_init                  
200118fd  PRCMLPDSWakeupCauseGet           
20011909  Power_getConstraintMask          
20011921  UART2Support_disableTx           
2001192d  UART2Support_enableTx            
20011939  UART2_Params_init                
20011945  gpioButtonFxn0                   
2001195d  timerCallback                    
20011969  uDMAErrorStatusGet               
20011975  CPUprimask                       
2001197f  ClockP_isActive                  
20011989  IntMasterDisable                 
20011993  IntMasterEnable                  
200119b1  __aeabi_memset                   
200119b1  __aeabi_memset4                  
200119b1  __aeabi_memset8                  
200119c5  HwiP_disable                     
200119cd  HwiP_restore                     
200119dd  I2CSupport_controllerFinish      
200119e5  PRCMSleepEnter                   
200119ed  UtilsDelay                       
200119f5  __aeabi_errno_addr               
200119fd  __aeabi_memclr                   
200119fd  __aeabi_memclr4                  
200119fd  __aeabi_memclr8                  
20011a05  malloc                           
20011a0d  I2CSupport_powerRelConstraint    
20011a13  I2CSupport_powerSetConstraint    
20011a19  UART2Support_powerRelConstraint  
20011a1f  ClockP_doTick                    
20011a23  HwiP_clearInterrupt              
20011a27  HwiP_disableInterrupt            
20011a2b  HwiP_enable                      
20011a2f  HwiP_enableInterrupt             
20011a33  HwiP_post                        
20011a3b  NoRTOS_start                     
20011a3f  RingBuf_getCount                 
20011a43  SemaphoreP_delete                
20011a49  __aeabi_memcpy                   
20011a49  __aeabi_memcpy4                  
20011a49  __aeabi_memcpy8                  
20011a4d  _system_pre_init                 
20011a50  C$$EXIT                          
20011a51  abort                            
20011a54  __TI_static_base__               
20011b2c  __TI_Handler_Table_Base          
20011b38  __TI_Handler_Table_Limit         
20011b40  __TI_CINIT_Base                  
20011b50  __TI_CINIT_Limit                 
20011b50  __TI_CINIT_Warm                  
20012000  uart2CC32XXObjects0              
20012178  PowerCC32XX_contextSave          
200122a4  i2cCC32XXObjects                 
200123a0  gpioCallbackFunctions            
20012424  gpioUserArgs                     
200124a8  timerCC32XXObjects               
2001252c  output                           
2001256c  tasks                            
200125d0  i2cTransaction                   
20012608  ClockP_ctrl                      
20012618  udmaCC3220SObject                
20012628  i2c                              
2001262c  uart                             
20012630  rxBuffer                         
20012632  txBuffer                         
20012944  PowerCC32XX_module               
20012ab0  parkInfo                         
20012ba8  gpioPinConfigs                   
20012c90  buttonPressed                    
20012c91  setPoint                         
20012c92  roomTemp                         
20012c93  heaterOn                         
20012c94  secondsSinceReset                
20012ca8  SemaphoreP_defaultParams         
20012cbc  ClockP_tickPeriod                
20012cc0  HwiP_swiPIntNum                  
20012cc4  __aeabi_errno                    
20012cc8  _lock                            
20012ccc  _unlock                          
20012cd0  TimerFlag                        
20012ce0  __aeabi_ctype_table_             
20012ce0  __aeabi_ctype_table_C            
20012de3  GPIO_pinUpperBound               
20013060  PowerCC32XX_config               
20013104  UART2_defaultParams              
20013149  I2C_count                        
2001314a  Timer_count                      
2001314b  UART2_count                      
200131e0  i2cCC32XXHWAttrs                 
20013218  GPIO_config                      
20013238  timerCC32XXHWAttrs               
20013260  udmaCC3220SHWAttrs               
2001326c  I2C_config                       
20013274  Timer_config                     
2001327c  UART2_config                     
20013284  UDMACC32XX_config                
ffffffff  __TI_pprof_out_hndl              
ffffffff  __TI_prof_data_size              
ffffffff  __TI_prof_data_start             
ffffffff  __binit__                        
ffffffff  binit                            
UNDEFED   ITM_flush                        
UNDEFED   ITM_restore                      
UNDEFED   __mpu_init                       
UNDEFED   _system_post_cinit               

[375 symbols]
