<?xml version="1.0" encoding="ISO-8859-1" ?>
<link_info>
   <banner>TI ARM Clang Linker PC v3.2.2.LTS</banner>
   <copyright>Copyright (c) 1996-2018 Texas Instruments Incorporated</copyright>
   <link_time>0x675f74dc</link_time>
   <link_errors>0x0</link_errors>
   <output_file>C:\Users\welco\workspace_v12\gpiointerrupt_CC3220S_LAUNCHXL_nortos_ticlang\MCU+Image\gpiointerrupt_CC3220S_LAUNCHXL_nortos_ticlang.out</output_file>
   <entry_point>
      <name>resetISR</name>
      <address>0x200112d1</address>
   </entry_point>
   <input_file_list>
      <input_file id="fl-1">
         <path>C:\Users\welco\workspace_v12\gpiointerrupt_CC3220S_LAUNCHXL_nortos_ticlang\MCU+Image\.\</path>
         <kind>object</kind>
         <file>gpiointerrupt.o</file>
         <name>gpiointerrupt.o</name>
      </input_file>
      <input_file id="fl-2">
         <path>C:\Users\welco\workspace_v12\gpiointerrupt_CC3220S_LAUNCHXL_nortos_ticlang\MCU+Image\.\syscfg\</path>
         <kind>object</kind>
         <file>ti_drivers_config.o</file>
         <name>ti_drivers_config.o</name>
      </input_file>
      <input_file id="fl-3">
         <path>C:\Users\welco\workspace_v12\gpiointerrupt_CC3220S_LAUNCHXL_nortos_ticlang\MCU+Image\.\</path>
         <kind>object</kind>
         <file>main_nortos.o</file>
         <name>main_nortos.o</name>
      </input_file>
      <input_file id="fl-13">
         <path>C:\Users\welco\workspace_v12\gpiointerrupt_CC3220S_LAUNCHXL_nortos_ticlang\MCU+Image\</path>
         <kind>object</kind>
         <file>&lt;internal&gt;</file>
         <name>&lt;internal&gt;</name>
      </input_file>
      <input_file id="fl-14">
         <path>C:\ti\simplelink_cc32xx_sdk_7_10_00_13\source\ti\drivers\lib\ticlang\m4\</path>
         <kind>archive</kind>
         <file>drivers_cc32xx.a</file>
         <name>GPIO.c.obj</name>
      </input_file>
      <input_file id="fl-15">
         <path>C:\ti\simplelink_cc32xx_sdk_7_10_00_13\source\ti\drivers\lib\ticlang\m4\</path>
         <kind>archive</kind>
         <file>drivers_cc32xx.a</file>
         <name>GPIOCC32XX.c.obj</name>
      </input_file>
      <input_file id="fl-16">
         <path>C:\ti\simplelink_cc32xx_sdk_7_10_00_13\source\ti\drivers\lib\ticlang\m4\</path>
         <kind>archive</kind>
         <file>drivers_cc32xx.a</file>
         <name>I2C.c.obj</name>
      </input_file>
      <input_file id="fl-17">
         <path>C:\ti\simplelink_cc32xx_sdk_7_10_00_13\source\ti\drivers\lib\ticlang\m4\</path>
         <kind>archive</kind>
         <file>drivers_cc32xx.a</file>
         <name>I2CCC32XX.c.obj</name>
      </input_file>
      <input_file id="fl-18">
         <path>C:\ti\simplelink_cc32xx_sdk_7_10_00_13\source\ti\drivers\lib\ticlang\m4\</path>
         <kind>archive</kind>
         <file>drivers_cc32xx.a</file>
         <name>PowerCC32XX.c.obj</name>
      </input_file>
      <input_file id="fl-19">
         <path>C:\ti\simplelink_cc32xx_sdk_7_10_00_13\source\ti\drivers\lib\ticlang\m4\</path>
         <kind>archive</kind>
         <file>drivers_cc32xx.a</file>
         <name>PowerCC32XX_ticlang.asm.obj</name>
      </input_file>
      <input_file id="fl-1a">
         <path>C:\ti\simplelink_cc32xx_sdk_7_10_00_13\source\ti\drivers\lib\ticlang\m4\</path>
         <kind>archive</kind>
         <file>drivers_cc32xx.a</file>
         <name>Timer.c.obj</name>
      </input_file>
      <input_file id="fl-1b">
         <path>C:\ti\simplelink_cc32xx_sdk_7_10_00_13\source\ti\drivers\lib\ticlang\m4\</path>
         <kind>archive</kind>
         <file>drivers_cc32xx.a</file>
         <name>TimerCC32XX.c.obj</name>
      </input_file>
      <input_file id="fl-1c">
         <path>C:\ti\simplelink_cc32xx_sdk_7_10_00_13\source\ti\drivers\lib\ticlang\m4\</path>
         <kind>archive</kind>
         <file>drivers_cc32xx.a</file>
         <name>UART2.c.obj</name>
      </input_file>
      <input_file id="fl-1d">
         <path>C:\ti\simplelink_cc32xx_sdk_7_10_00_13\source\ti\drivers\lib\ticlang\m4\</path>
         <kind>archive</kind>
         <file>drivers_cc32xx.a</file>
         <name>UART2CC32XX.c.obj</name>
      </input_file>
      <input_file id="fl-1e">
         <path>C:\ti\simplelink_cc32xx_sdk_7_10_00_13\source\ti\drivers\lib\ticlang\m4\</path>
         <kind>archive</kind>
         <file>drivers_cc32xx.a</file>
         <name>List.c.obj</name>
      </input_file>
      <input_file id="fl-1f">
         <path>C:\ti\simplelink_cc32xx_sdk_7_10_00_13\source\ti\drivers\lib\ticlang\m4\</path>
         <kind>archive</kind>
         <file>drivers_cc32xx.a</file>
         <name>RingBuf.c.obj</name>
      </input_file>
      <input_file id="fl-20">
         <path>C:\ti\simplelink_cc32xx_sdk_7_10_00_13\source\ti\drivers\lib\ticlang\m4\</path>
         <kind>archive</kind>
         <file>drivers_cc32xx.a</file>
         <name>UDMACC32XX.c.obj</name>
      </input_file>
      <input_file id="fl-21">
         <path>C:\ti\simplelink_cc32xx_sdk_7_10_00_13\kernel\nortos\lib\ticlang\m4\</path>
         <kind>archive</kind>
         <file>nortos_cc32xx.a</file>
         <name>NoRTOS.c.obj</name>
      </input_file>
      <input_file id="fl-22">
         <path>C:\ti\simplelink_cc32xx_sdk_7_10_00_13\kernel\nortos\lib\ticlang\m4\</path>
         <kind>archive</kind>
         <file>nortos_cc32xx.a</file>
         <name>SemaphoreP_nortos.c.obj</name>
      </input_file>
      <input_file id="fl-23">
         <path>C:\ti\simplelink_cc32xx_sdk_7_10_00_13\kernel\nortos\lib\ticlang\m4\</path>
         <kind>archive</kind>
         <file>nortos_cc32xx.a</file>
         <name>ClockPSysTick_nortos.c.obj</name>
      </input_file>
      <input_file id="fl-24">
         <path>C:\ti\simplelink_cc32xx_sdk_7_10_00_13\kernel\nortos\lib\ticlang\m4\</path>
         <kind>archive</kind>
         <file>nortos_cc32xx.a</file>
         <name>HwiPCC32XX_nortos.c.obj</name>
      </input_file>
      <input_file id="fl-25">
         <path>C:\ti\simplelink_cc32xx_sdk_7_10_00_13\kernel\nortos\lib\ticlang\m4\</path>
         <kind>archive</kind>
         <file>nortos_cc32xx.a</file>
         <name>PowerCC32XX_nortos.c.obj</name>
      </input_file>
      <input_file id="fl-26">
         <path>C:\ti\simplelink_cc32xx_sdk_7_10_00_13\kernel\nortos\lib\ticlang\m4\</path>
         <kind>archive</kind>
         <file>nortos_cc32xx.a</file>
         <name>startup_cc32xx_ticlang.c.obj</name>
      </input_file>
      <input_file id="fl-27">
         <path>C:\ti\simplelink_cc32xx_sdk_7_10_00_13\kernel\nortos\lib\ticlang\m4\</path>
         <kind>archive</kind>
         <file>nortos_cc32xx.a</file>
         <name>SwiP_nortos.c.obj</name>
      </input_file>
      <input_file id="fl-28">
         <path>C:\ti\simplelink_cc32xx_sdk_7_10_00_13\source\ti\devices\cc32xx\driverlib\ticlang\Release\</path>
         <kind>archive</kind>
         <file>driverlib.a</file>
         <name>cpu.obj</name>
      </input_file>
      <input_file id="fl-29">
         <path>C:\ti\simplelink_cc32xx_sdk_7_10_00_13\source\ti\devices\cc32xx\driverlib\ticlang\Release\</path>
         <kind>archive</kind>
         <file>driverlib.a</file>
         <name>gpio.obj</name>
      </input_file>
      <input_file id="fl-2a">
         <path>C:\ti\simplelink_cc32xx_sdk_7_10_00_13\source\ti\devices\cc32xx\driverlib\ticlang\Release\</path>
         <kind>archive</kind>
         <file>driverlib.a</file>
         <name>hwspinlock.obj</name>
      </input_file>
      <input_file id="fl-2b">
         <path>C:\ti\simplelink_cc32xx_sdk_7_10_00_13\source\ti\devices\cc32xx\driverlib\ticlang\Release\</path>
         <kind>archive</kind>
         <file>driverlib.a</file>
         <name>i2c.obj</name>
      </input_file>
      <input_file id="fl-2c">
         <path>C:\ti\simplelink_cc32xx_sdk_7_10_00_13\source\ti\devices\cc32xx\driverlib\ticlang\Release\</path>
         <kind>archive</kind>
         <file>driverlib.a</file>
         <name>interrupt.obj</name>
      </input_file>
      <input_file id="fl-2d">
         <path>C:\ti\simplelink_cc32xx_sdk_7_10_00_13\source\ti\devices\cc32xx\driverlib\ticlang\Release\</path>
         <kind>archive</kind>
         <file>driverlib.a</file>
         <name>pin.obj</name>
      </input_file>
      <input_file id="fl-2e">
         <path>C:\ti\simplelink_cc32xx_sdk_7_10_00_13\source\ti\devices\cc32xx\driverlib\ticlang\Release\</path>
         <kind>archive</kind>
         <file>driverlib.a</file>
         <name>prcm.obj</name>
      </input_file>
      <input_file id="fl-2f">
         <path>C:\ti\simplelink_cc32xx_sdk_7_10_00_13\source\ti\devices\cc32xx\driverlib\ticlang\Release\</path>
         <kind>archive</kind>
         <file>driverlib.a</file>
         <name>spi.obj</name>
      </input_file>
      <input_file id="fl-30">
         <path>C:\ti\simplelink_cc32xx_sdk_7_10_00_13\source\ti\devices\cc32xx\driverlib\ticlang\Release\</path>
         <kind>archive</kind>
         <file>driverlib.a</file>
         <name>systick.obj</name>
      </input_file>
      <input_file id="fl-31">
         <path>C:\ti\simplelink_cc32xx_sdk_7_10_00_13\source\ti\devices\cc32xx\driverlib\ticlang\Release\</path>
         <kind>archive</kind>
         <file>driverlib.a</file>
         <name>timer.obj</name>
      </input_file>
      <input_file id="fl-32">
         <path>C:\ti\simplelink_cc32xx_sdk_7_10_00_13\source\ti\devices\cc32xx\driverlib\ticlang\Release\</path>
         <kind>archive</kind>
         <file>driverlib.a</file>
         <name>uart.obj</name>
      </input_file>
      <input_file id="fl-33">
         <path>C:\ti\simplelink_cc32xx_sdk_7_10_00_13\source\ti\devices\cc32xx\driverlib\ticlang\Release\</path>
         <kind>archive</kind>
         <file>driverlib.a</file>
         <name>udma.obj</name>
      </input_file>
      <input_file id="fl-34">
         <path>C:\ti\simplelink_cc32xx_sdk_7_10_00_13\source\ti\devices\cc32xx\driverlib\ticlang\Release\</path>
         <kind>archive</kind>
         <file>driverlib.a</file>
         <name>utils.obj</name>
      </input_file>
      <input_file id="fl-35">
         <path>C:\ti\simplelink_cc32xx_sdk_7_10_00_13\source\ti\devices\cc32xx\driverlib\ticlang\Release\</path>
         <kind>archive</kind>
         <file>driverlib.a</file>
         <name>flash.obj</name>
      </input_file>
      <input_file id="fl-44">
         <path>C:\ti\ccs1281\ccs\tools\compiler\ti-cgt-armllvm_3.2.2.LTS\lib\armv7em-ti-none-eabi\c\</path>
         <kind>archive</kind>
         <file>libc.a</file>
         <name>snprintf.c.obj</name>
      </input_file>
      <input_file id="fl-45">
         <path>C:\ti\ccs1281\ccs\tools\compiler\ti-cgt-armllvm_3.2.2.LTS\lib\armv7em-ti-none-eabi\c\</path>
         <kind>archive</kind>
         <file>libc.a</file>
         <name>memory.c.obj</name>
      </input_file>
      <input_file id="fl-46">
         <path>C:\ti\ccs1281\ccs\tools\compiler\ti-cgt-armllvm_3.2.2.LTS\lib\armv7em-ti-none-eabi\c\</path>
         <kind>archive</kind>
         <file>libc.a</file>
         <name>boot_cortex_m.c.obj</name>
      </input_file>
      <input_file id="fl-47">
         <path>C:\ti\ccs1281\ccs\tools\compiler\ti-cgt-armllvm_3.2.2.LTS\lib\armv7em-ti-none-eabi\c\</path>
         <kind>archive</kind>
         <file>libc.a</file>
         <name>mathacl_init.c.obj</name>
      </input_file>
      <input_file id="fl-48">
         <path>C:\ti\ccs1281\ccs\tools\compiler\ti-cgt-armllvm_3.2.2.LTS\lib\armv7em-ti-none-eabi\c\</path>
         <kind>archive</kind>
         <file>libc.a</file>
         <name>autoinit.c.obj</name>
      </input_file>
      <input_file id="fl-49">
         <path>C:\ti\ccs1281\ccs\tools\compiler\ti-cgt-armllvm_3.2.2.LTS\lib\armv7em-ti-none-eabi\c\</path>
         <kind>archive</kind>
         <file>libc.a</file>
         <name>pre_init.c.obj</name>
      </input_file>
      <input_file id="fl-4a">
         <path>C:\ti\ccs1281\ccs\tools\compiler\ti-cgt-armllvm_3.2.2.LTS\lib\armv7em-ti-none-eabi\c\</path>
         <kind>archive</kind>
         <file>libc.a</file>
         <name>cpy_tbl.c.obj</name>
      </input_file>
      <input_file id="fl-4b">
         <path>C:\ti\ccs1281\ccs\tools\compiler\ti-cgt-armllvm_3.2.2.LTS\lib\armv7em-ti-none-eabi\c\</path>
         <kind>archive</kind>
         <file>libc.a</file>
         <name>copy_zero_init.c.obj</name>
      </input_file>
      <input_file id="fl-4c">
         <path>C:\ti\ccs1281\ccs\tools\compiler\ti-cgt-armllvm_3.2.2.LTS\lib\armv7em-ti-none-eabi\c\</path>
         <kind>archive</kind>
         <file>libc.a</file>
         <name>copy_decompress_none.c.obj</name>
      </input_file>
      <input_file id="fl-4d">
         <path>C:\ti\ccs1281\ccs\tools\compiler\ti-cgt-armllvm_3.2.2.LTS\lib\armv7em-ti-none-eabi\c\</path>
         <kind>archive</kind>
         <file>libc.a</file>
         <name>copy_decompress_lzss.c.obj</name>
      </input_file>
      <input_file id="fl-4e">
         <path>C:\ti\ccs1281\ccs\tools\compiler\ti-cgt-armllvm_3.2.2.LTS\lib\armv7em-ti-none-eabi\c\</path>
         <kind>archive</kind>
         <file>libc.a</file>
         <name>_printfi.c.obj</name>
      </input_file>
      <input_file id="fl-4f">
         <path>C:\ti\ccs1281\ccs\tools\compiler\ti-cgt-armllvm_3.2.2.LTS\lib\armv7em-ti-none-eabi\c\</path>
         <kind>archive</kind>
         <file>libc.a</file>
         <name>s_frexp.c.obj</name>
      </input_file>
      <input_file id="fl-50">
         <path>C:\ti\ccs1281\ccs\tools\compiler\ti-cgt-armllvm_3.2.2.LTS\lib\armv7em-ti-none-eabi\c\</path>
         <kind>archive</kind>
         <file>libc.a</file>
         <name>s_scalbn.c.obj</name>
      </input_file>
      <input_file id="fl-51">
         <path>C:\ti\ccs1281\ccs\tools\compiler\ti-cgt-armllvm_3.2.2.LTS\lib\armv7em-ti-none-eabi\c\</path>
         <kind>archive</kind>
         <file>libc.a</file>
         <name>aeabi_portable.c.obj</name>
      </input_file>
      <input_file id="fl-52">
         <path>C:\ti\ccs1281\ccs\tools\compiler\ti-cgt-armllvm_3.2.2.LTS\lib\armv7em-ti-none-eabi\c\</path>
         <kind>archive</kind>
         <file>libc.a</file>
         <name>exit.c.obj</name>
      </input_file>
      <input_file id="fl-53">
         <path>C:\ti\ccs1281\ccs\tools\compiler\ti-cgt-armllvm_3.2.2.LTS\lib\armv7em-ti-none-eabi\c\</path>
         <kind>archive</kind>
         <file>libc.a</file>
         <name>_lock.c.obj</name>
      </input_file>
      <input_file id="fl-54">
         <path>C:\ti\ccs1281\ccs\tools\compiler\ti-cgt-armllvm_3.2.2.LTS\lib\armv7em-ti-none-eabi\c\</path>
         <kind>archive</kind>
         <file>libc.a</file>
         <name>_ltoa.c.obj</name>
      </input_file>
      <input_file id="fl-55">
         <path>C:\ti\ccs1281\ccs\tools\compiler\ti-cgt-armllvm_3.2.2.LTS\lib\armv7em-ti-none-eabi\c\</path>
         <kind>archive</kind>
         <file>libc.a</file>
         <name>args_main.c.obj</name>
      </input_file>
      <input_file id="fl-56">
         <path>C:\ti\ccs1281\ccs\tools\compiler\ti-cgt-armllvm_3.2.2.LTS\lib\armv7em-ti-none-eabi\c\</path>
         <kind>archive</kind>
         <file>libc.a</file>
         <name>assert.c.obj</name>
      </input_file>
      <input_file id="fl-57">
         <path>C:\ti\ccs1281\ccs\tools\compiler\ti-cgt-armllvm_3.2.2.LTS\lib\armv7em-ti-none-eabi\c\</path>
         <kind>archive</kind>
         <file>libc.a</file>
         <name>atoi.c.obj</name>
      </input_file>
      <input_file id="fl-58">
         <path>C:\ti\ccs1281\ccs\tools\compiler\ti-cgt-armllvm_3.2.2.LTS\lib\armv7em-ti-none-eabi\c\</path>
         <kind>archive</kind>
         <file>libc.a</file>
         <name>defs.c.obj</name>
      </input_file>
      <input_file id="fl-59">
         <path>C:\ti\ccs1281\ccs\tools\compiler\ti-cgt-armllvm_3.2.2.LTS\lib\armv7em-ti-none-eabi\c\</path>
         <kind>archive</kind>
         <file>libc.a</file>
         <name>memccpy.c.obj</name>
      </input_file>
      <input_file id="fl-5a">
         <path>C:\ti\ccs1281\ccs\tools\compiler\ti-cgt-armllvm_3.2.2.LTS\lib\armv7em-ti-none-eabi\c\</path>
         <kind>archive</kind>
         <file>libc.a</file>
         <name>wcslen.c.obj</name>
      </input_file>
      <input_file id="fl-5b">
         <path>C:\ti\ccs1281\ccs\tools\compiler\ti-cgt-armllvm_3.2.2.LTS\lib\armv7em-ti-none-eabi\c\</path>
         <kind>archive</kind>
         <file>libc.a</file>
         <name>sprintf.c.obj</name>
      </input_file>
      <input_file id="fl-5c">
         <path>C:\ti\ccs1281\ccs\tools\compiler\ti-cgt-armllvm_3.2.2.LTS\lib\armv7em-ti-none-eabi\c\</path>
         <kind>archive</kind>
         <file>libc.a</file>
         <name>fflush.c.obj</name>
      </input_file>
      <input_file id="fl-5d">
         <path>C:\ti\ccs1281\ccs\tools\compiler\ti-cgt-armllvm_3.2.2.LTS\lib\armv7em-ti-none-eabi\c\</path>
         <kind>archive</kind>
         <file>libc.a</file>
         <name>fputs.c.obj</name>
      </input_file>
      <input_file id="fl-5e">
         <path>C:\ti\ccs1281\ccs\tools\compiler\ti-cgt-armllvm_3.2.2.LTS\lib\armv7em-ti-none-eabi\c\</path>
         <kind>archive</kind>
         <file>libc.a</file>
         <name>_io_perm.c.obj</name>
      </input_file>
      <input_file id="fl-5f">
         <path>C:\ti\ccs1281\ccs\tools\compiler\ti-cgt-armllvm_3.2.2.LTS\lib\armv7em-ti-none-eabi\c\</path>
         <kind>archive</kind>
         <file>libc.a</file>
         <name>setvbuf.c.obj</name>
      </input_file>
      <input_file id="fl-60">
         <path>C:\ti\ccs1281\ccs\tools\compiler\ti-cgt-armllvm_3.2.2.LTS\lib\armv7em-ti-none-eabi\c\</path>
         <kind>archive</kind>
         <file>libc.a</file>
         <name>aeabi_ctype.S.obj</name>
      </input_file>
      <input_file id="fl-61">
         <path>C:\ti\ccs1281\ccs\tools\compiler\ti-cgt-armllvm_3.2.2.LTS\lib\armv7em-ti-none-eabi\c\</path>
         <kind>archive</kind>
         <file>libc.a</file>
         <name>fopen.c.obj</name>
      </input_file>
      <input_file id="fl-62">
         <path>C:\ti\ccs1281\ccs\tools\compiler\ti-cgt-armllvm_3.2.2.LTS\lib\armv7em-ti-none-eabi\c\</path>
         <kind>archive</kind>
         <file>libc.a</file>
         <name>fseek.c.obj</name>
      </input_file>
      <input_file id="fl-63">
         <path>C:\ti\ccs1281\ccs\tools\compiler\ti-cgt-armllvm_3.2.2.LTS\lib\armv7em-ti-none-eabi\c\</path>
         <kind>archive</kind>
         <file>libc.a</file>
         <name>fclose.c.obj</name>
      </input_file>
      <input_file id="fl-c9">
         <path>C:\ti\ccs1281\ccs\tools\compiler\ti-cgt-armllvm_3.2.2.LTS\lib\armv7em-ti-none-eabi\c\</path>
         <kind>archive</kind>
         <file>libsysbm.a</file>
         <name>write.c.obj</name>
      </input_file>
      <input_file id="fl-ca">
         <path>C:\ti\ccs1281\ccs\tools\compiler\ti-cgt-armllvm_3.2.2.LTS\lib\armv7em-ti-none-eabi\c\</path>
         <kind>archive</kind>
         <file>libsysbm.a</file>
         <name>host_device.c.obj</name>
      </input_file>
      <input_file id="fl-cb">
         <path>C:\ti\ccs1281\ccs\tools\compiler\ti-cgt-armllvm_3.2.2.LTS\lib\armv7em-ti-none-eabi\c\</path>
         <kind>archive</kind>
         <file>libsysbm.a</file>
         <name>remove.c.obj</name>
      </input_file>
      <input_file id="fl-cc">
         <path>C:\ti\ccs1281\ccs\tools\compiler\ti-cgt-armllvm_3.2.2.LTS\lib\armv7em-ti-none-eabi\c\</path>
         <kind>archive</kind>
         <file>libsysbm.a</file>
         <name>open.c.obj</name>
      </input_file>
      <input_file id="fl-cd">
         <path>C:\ti\ccs1281\ccs\tools\compiler\ti-cgt-armllvm_3.2.2.LTS\lib\armv7em-ti-none-eabi\c\</path>
         <kind>archive</kind>
         <file>libsysbm.a</file>
         <name>lseek.c.obj</name>
      </input_file>
      <input_file id="fl-ce">
         <path>C:\ti\ccs1281\ccs\tools\compiler\ti-cgt-armllvm_3.2.2.LTS\lib\armv7em-ti-none-eabi\c\</path>
         <kind>archive</kind>
         <file>libsysbm.a</file>
         <name>close.c.obj</name>
      </input_file>
      <input_file id="fl-cf">
         <path>C:\ti\ccs1281\ccs\tools\compiler\ti-cgt-armllvm_3.2.2.LTS\lib\armv7em-ti-none-eabi\c\</path>
         <kind>archive</kind>
         <file>libsysbm.a</file>
         <name>unlink.c.obj</name>
      </input_file>
      <input_file id="fl-d0">
         <path>C:\ti\ccs1281\ccs\tools\compiler\ti-cgt-armllvm_3.2.2.LTS\lib\armv7em-ti-none-eabi\c\</path>
         <kind>archive</kind>
         <file>libsysbm.a</file>
         <name>hostclose.c.obj</name>
      </input_file>
      <input_file id="fl-d1">
         <path>C:\ti\ccs1281\ccs\tools\compiler\ti-cgt-armllvm_3.2.2.LTS\lib\armv7em-ti-none-eabi\c\</path>
         <kind>archive</kind>
         <file>libsysbm.a</file>
         <name>hostlseek.c.obj</name>
      </input_file>
      <input_file id="fl-d2">
         <path>C:\ti\ccs1281\ccs\tools\compiler\ti-cgt-armllvm_3.2.2.LTS\lib\armv7em-ti-none-eabi\c\</path>
         <kind>archive</kind>
         <file>libsysbm.a</file>
         <name>hostopen.c.obj</name>
      </input_file>
      <input_file id="fl-d3">
         <path>C:\ti\ccs1281\ccs\tools\compiler\ti-cgt-armllvm_3.2.2.LTS\lib\armv7em-ti-none-eabi\c\</path>
         <kind>archive</kind>
         <file>libsysbm.a</file>
         <name>hostread.c.obj</name>
      </input_file>
      <input_file id="fl-d4">
         <path>C:\ti\ccs1281\ccs\tools\compiler\ti-cgt-armllvm_3.2.2.LTS\lib\armv7em-ti-none-eabi\c\</path>
         <kind>archive</kind>
         <file>libsysbm.a</file>
         <name>hostrename.c.obj</name>
      </input_file>
      <input_file id="fl-d5">
         <path>C:\ti\ccs1281\ccs\tools\compiler\ti-cgt-armllvm_3.2.2.LTS\lib\armv7em-ti-none-eabi\c\</path>
         <kind>archive</kind>
         <file>libsysbm.a</file>
         <name>hostunlink.c.obj</name>
      </input_file>
      <input_file id="fl-d6">
         <path>C:\ti\ccs1281\ccs\tools\compiler\ti-cgt-armllvm_3.2.2.LTS\lib\armv7em-ti-none-eabi\c\</path>
         <kind>archive</kind>
         <file>libsysbm.a</file>
         <name>hostwrite.c.obj</name>
      </input_file>
      <input_file id="fl-d7">
         <path>C:\ti\ccs1281\ccs\tools\compiler\ti-cgt-armllvm_3.2.2.LTS\lib\armv7em-ti-none-eabi\c\</path>
         <kind>archive</kind>
         <file>libsysbm.a</file>
         <name>trgmsg.c.obj</name>
      </input_file>
      <input_file id="fl-d8">
         <path>C:\ti\ccs1281\ccs\tools\compiler\ti-cgt-armllvm_3.2.2.LTS\lib\clang\15.0.7\lib\armv7em-ti-none-eabi\</path>
         <kind>archive</kind>
         <file>libclang_rt.builtins.a</file>
         <name>adddf3.S.obj</name>
      </input_file>
      <input_file id="fl-d9">
         <path>C:\ti\ccs1281\ccs\tools\compiler\ti-cgt-armllvm_3.2.2.LTS\lib\clang\15.0.7\lib\armv7em-ti-none-eabi\</path>
         <kind>archive</kind>
         <file>libclang_rt.builtins.a</file>
         <name>muldf3.S.obj</name>
      </input_file>
      <input_file id="fl-da">
         <path>C:\ti\ccs1281\ccs\tools\compiler\ti-cgt-armllvm_3.2.2.LTS\lib\clang\15.0.7\lib\armv7em-ti-none-eabi\</path>
         <kind>archive</kind>
         <file>libclang_rt.builtins.a</file>
         <name>divdf3.S.obj</name>
      </input_file>
      <input_file id="fl-db">
         <path>C:\ti\ccs1281\ccs\tools\compiler\ti-cgt-armllvm_3.2.2.LTS\lib\clang\15.0.7\lib\armv7em-ti-none-eabi\</path>
         <kind>archive</kind>
         <file>libclang_rt.builtins.a</file>
         <name>fixdfsi.S.obj</name>
      </input_file>
      <input_file id="fl-dc">
         <path>C:\ti\ccs1281\ccs\tools\compiler\ti-cgt-armllvm_3.2.2.LTS\lib\clang\15.0.7\lib\armv7em-ti-none-eabi\</path>
         <kind>archive</kind>
         <file>libclang_rt.builtins.a</file>
         <name>floatsidf.S.obj</name>
      </input_file>
      <input_file id="fl-dd">
         <path>C:\ti\ccs1281\ccs\tools\compiler\ti-cgt-armllvm_3.2.2.LTS\lib\clang\15.0.7\lib\armv7em-ti-none-eabi\</path>
         <kind>archive</kind>
         <file>libclang_rt.builtins.a</file>
         <name>aeabi_dcmp.S.obj</name>
      </input_file>
      <input_file id="fl-de">
         <path>C:\ti\ccs1281\ccs\tools\compiler\ti-cgt-armllvm_3.2.2.LTS\lib\clang\15.0.7\lib\armv7em-ti-none-eabi\</path>
         <kind>archive</kind>
         <file>libclang_rt.builtins.a</file>
         <name>aeabi_memcpy.S.obj</name>
      </input_file>
      <input_file id="fl-df">
         <path>C:\ti\ccs1281\ccs\tools\compiler\ti-cgt-armllvm_3.2.2.LTS\lib\clang\15.0.7\lib\armv7em-ti-none-eabi\</path>
         <kind>archive</kind>
         <file>libclang_rt.builtins.a</file>
         <name>aeabi_memset.S.obj</name>
      </input_file>
      <input_file id="fl-e0">
         <path>C:\ti\ccs1281\ccs\tools\compiler\ti-cgt-armllvm_3.2.2.LTS\lib\clang\15.0.7\lib\armv7em-ti-none-eabi\</path>
         <kind>archive</kind>
         <file>libclang_rt.builtins.a</file>
         <name>aeabi_uldivmod.S.obj</name>
      </input_file>
      <input_file id="fl-e1">
         <path>C:\ti\ccs1281\ccs\tools\compiler\ti-cgt-armllvm_3.2.2.LTS\lib\clang\15.0.7\lib\armv7em-ti-none-eabi\</path>
         <kind>archive</kind>
         <file>libclang_rt.builtins.a</file>
         <name>udivmoddi4.S.obj</name>
      </input_file>
      <input_file id="fl-e2">
         <path>C:\ti\ccs1281\ccs\tools\compiler\ti-cgt-armllvm_3.2.2.LTS\lib\clang\15.0.7\lib\armv7em-ti-none-eabi\</path>
         <kind>archive</kind>
         <file>libclang_rt.builtins.a</file>
         <name>comparedf2.c.obj</name>
      </input_file>
      <input_file id="fl-e3">
         <path>C:\ti\ccs1281\ccs\tools\compiler\ti-cgt-armllvm_3.2.2.LTS\lib\clang\15.0.7\lib\armv7em-ti-none-eabi\</path>
         <kind>archive</kind>
         <file>libclang_rt.builtins.a</file>
         <name>aeabi_div0.c.obj</name>
      </input_file>
      <input_file id="fl-e4">
         <path>C:\ti\ccs1281\ccs\tools\compiler\ti-cgt-armllvm_3.2.2.LTS\lib\armv7em-ti-none-eabi\c\</path>
         <kind>archive</kind>
         <file>libc.a</file>
         <name>getdevice.c.obj</name>
      </input_file>
      <input_file id="fl-e5">
         <path>C:\ti\ccs1281\ccs\tools\compiler\ti-cgt-armllvm_3.2.2.LTS\lib\armv7em-ti-none-eabi\c\</path>
         <kind>archive</kind>
         <file>libc.a</file>
         <name>strcmp_t2.S.obj</name>
      </input_file>
      <input_file id="fl-e6">
         <path>C:\ti\ccs1281\ccs\tools\compiler\ti-cgt-armllvm_3.2.2.LTS\lib\armv7em-ti-none-eabi\c\</path>
         <kind>archive</kind>
         <file>libc.a</file>
         <name>memcpy_t2.S.obj</name>
      </input_file>
      <input_file id="fl-e7">
         <path>C:\ti\ccs1281\ccs\tools\compiler\ti-cgt-armllvm_3.2.2.LTS\lib\armv7em-ti-none-eabi\c\</path>
         <kind>archive</kind>
         <file>libc.a</file>
         <name>memset_t2.S.obj</name>
      </input_file>
   </input_file_list>
   <object_component_list>
      <object_component id="oc-2fc">
         <name>.text:__TI_printfi_nofloat</name>
         <load_address>0x2000c040</load_address>
         <readonly>true</readonly>
         <executable>true</executable>
         <run_address>0x2000c040</run_address>
         <size>0x86c</size>
         <alignment>0x4</alignment>
         <input_file_ref idref="fl-4e"/>
      </object_component>
      <object_component id="oc-d2">
         <name>.text.PRCMCC3200MCUInit</name>
         <load_address>0x2000c8ac</load_address>
         <readonly>true</readonly>
         <executable>true</executable>
         <run_address>0x2000c8ac</run_address>
         <size>0x4b8</size>
         <alignment>0x2</alignment>
         <input_file_ref idref="fl-2e"/>
      </object_component>
      <object_component id="oc-22f">
         <name>.text.Power_sleep</name>
         <load_address>0x2000cd64</load_address>
         <readonly>true</readonly>
         <executable>true</executable>
         <run_address>0x2000cd64</run_address>
         <size>0x3e4</size>
         <alignment>0x4</alignment>
         <input_file_ref idref="fl-18"/>
      </object_component>
      <object_component id="oc-1d1">
         <name>.text.UART2CC32XX_hwiIntFxn</name>
         <load_address>0x2000d148</load_address>
         <readonly>true</readonly>
         <executable>true</executable>
         <run_address>0x2000d148</run_address>
         <size>0x222</size>
         <alignment>0x2</alignment>
         <input_file_ref idref="fl-1d"/>
      </object_component>
      <object_component id="oc-e2">
         <name>.text.Board_initHook</name>
         <load_address>0x2000d36a</load_address>
         <readonly>true</readonly>
         <executable>true</executable>
         <run_address>0x2000d36a</run_address>
         <size>0x2</size>
         <alignment>0x2</alignment>
         <input_file_ref idref="fl-2"/>
      </object_component>
      <object_component id="oc-13f">
         <name>.text.UART2_open</name>
         <load_address>0x2000d36c</load_address>
         <readonly>true</readonly>
         <executable>true</executable>
         <run_address>0x2000d36c</run_address>
         <size>0x1cc</size>
         <alignment>0x4</alignment>
         <input_file_ref idref="fl-1d"/>
      </object_component>
      <object_component id="oc-2ff">
         <name>.text.UART2_writeTimeoutBlocking</name>
         <load_address>0x2000d538</load_address>
         <readonly>true</readonly>
         <executable>true</executable>
         <run_address>0x2000d538</run_address>
         <size>0x174</size>
         <alignment>0x2</alignment>
         <input_file_ref idref="fl-1c"/>
      </object_component>
      <object_component id="oc-197">
         <name>.text.PowerCC32XX_sleepPolicy</name>
         <load_address>0x2000d6ac</load_address>
         <readonly>true</readonly>
         <executable>true</executable>
         <run_address>0x2000d6ac</run_address>
         <size>0x150</size>
         <alignment>0x4</alignment>
         <input_file_ref idref="fl-25"/>
      </object_component>
      <object_component id="oc-15d">
         <name>.text.Timer_open</name>
         <load_address>0x2000d7fc</load_address>
         <readonly>true</readonly>
         <executable>true</executable>
         <run_address>0x2000d7fc</run_address>
         <size>0x148</size>
         <alignment>0x4</alignment>
         <input_file_ref idref="fl-1b"/>
      </object_component>
      <object_component id="oc-f0">
         <name>.text.GPIO_setConfig</name>
         <load_address>0x2000d944</load_address>
         <readonly>true</readonly>
         <executable>true</executable>
         <run_address>0x2000d944</run_address>
         <size>0x140</size>
         <alignment>0x4</alignment>
         <input_file_ref idref="fl-15"/>
      </object_component>
      <object_component id="oc-1e2">
         <name>.text.I2CCC32XX_hwiFxn</name>
         <load_address>0x2000da84</load_address>
         <readonly>true</readonly>
         <executable>true</executable>
         <run_address>0x2000da84</run_address>
         <size>0x138</size>
         <alignment>0x2</alignment>
         <input_file_ref idref="fl-17"/>
      </object_component>
      <object_component id="oc-2aa">
         <name>.text.I2C_transferTimeout</name>
         <load_address>0x2000dbbc</load_address>
         <readonly>true</readonly>
         <executable>true</executable>
         <run_address>0x2000dbbc</run_address>
         <size>0x126</size>
         <alignment>0x2</alignment>
         <input_file_ref idref="fl-16"/>
      </object_component>
      <object_component id="oc-146">
         <name>.text.I2C_init</name>
         <load_address>0x2000dce2</load_address>
         <readonly>true</readonly>
         <executable>true</executable>
         <run_address>0x2000dce2</run_address>
         <size>0x2</size>
         <alignment>0x2</alignment>
         <input_file_ref idref="fl-16"/>
      </object_component>
      <object_component id="oc-2a2">
         <name>.text.aligned_alloc</name>
         <load_address>0x2000dce4</load_address>
         <readonly>true</readonly>
         <executable>true</executable>
         <run_address>0x2000dce4</run_address>
         <size>0x120</size>
         <alignment>0x4</alignment>
         <input_file_ref idref="fl-45"/>
      </object_component>
      <object_component id="oc-2fe">
         <name>.text.UART2_writeTimeoutNonblocking</name>
         <load_address>0x2000de04</load_address>
         <readonly>true</readonly>
         <executable>true</executable>
         <run_address>0x2000de04</run_address>
         <size>0x11a</size>
         <alignment>0x2</alignment>
         <input_file_ref idref="fl-1c"/>
      </object_component>
      <object_component id="oc-2e5">
         <name>.text.uDMAChannelTransferSet</name>
         <load_address>0x2000df1e</load_address>
         <readonly>true</readonly>
         <executable>true</executable>
         <run_address>0x2000df1e</run_address>
         <size>0x112</size>
         <alignment>0x2</alignment>
         <input_file_ref idref="fl-33"/>
      </object_component>
      <object_component id="oc-20d">
         <name>.text.__muldf3</name>
         <load_address>0x2000e030</load_address>
         <readonly>true</readonly>
         <executable>true</executable>
         <run_address>0x2000e030</run_address>
         <size>0xfc</size>
         <alignment>0x4</alignment>
         <input_file_ref idref="fl-d9"/>
      </object_component>
      <object_component id="oc-19e">
         <name>.text.free</name>
         <load_address>0x2000e12c</load_address>
         <readonly>true</readonly>
         <executable>true</executable>
         <run_address>0x2000e12c</run_address>
         <size>0xf0</size>
         <alignment>0x4</alignment>
         <input_file_ref idref="fl-45"/>
      </object_component>
      <object_component id="oc-14c">
         <name>.text.I2C_open</name>
         <load_address>0x2000e21c</load_address>
         <readonly>true</readonly>
         <executable>true</executable>
         <run_address>0x2000e21c</run_address>
         <size>0xe8</size>
         <alignment>0x4</alignment>
         <input_file_ref idref="fl-17"/>
      </object_component>
      <object_component id="oc-1cc">
         <name>.text.UART2_close</name>
         <load_address>0x2000e304</load_address>
         <readonly>true</readonly>
         <executable>true</executable>
         <run_address>0x2000e304</run_address>
         <size>0xe8</size>
         <alignment>0x4</alignment>
         <input_file_ref idref="fl-1d"/>
      </object_component>
      <object_component id="oc-278">
         <name>.text.UART2Support_dmaStartRx</name>
         <load_address>0x2000e3ec</load_address>
         <readonly>true</readonly>
         <executable>true</executable>
         <run_address>0x2000e3ec</run_address>
         <size>0xcc</size>
         <alignment>0x4</alignment>
         <input_file_ref idref="fl-1d"/>
      </object_component>
      <object_component id="oc-2d8">
         <name>.text.IntDisable</name>
         <load_address>0x2000e4b8</load_address>
         <readonly>true</readonly>
         <executable>true</executable>
         <run_address>0x2000e4b8</run_address>
         <size>0xc8</size>
         <alignment>0x2</alignment>
         <input_file_ref idref="fl-2c"/>
      </object_component>
      <object_component id="oc-261">
         <name>.text.IntEnable</name>
         <load_address>0x2000e580</load_address>
         <readonly>true</readonly>
         <executable>true</executable>
         <run_address>0x2000e580</run_address>
         <size>0xc8</size>
         <alignment>0x2</alignment>
         <input_file_ref idref="fl-2c"/>
      </object_component>
      <object_component id="oc-1c8">
         <name>.text.UART2CC32XX_initHw</name>
         <load_address>0x2000e648</load_address>
         <readonly>true</readonly>
         <executable>true</executable>
         <run_address>0x2000e648</run_address>
         <size>0xc4</size>
         <alignment>0x4</alignment>
         <input_file_ref idref="fl-1d"/>
      </object_component>
      <object_component id="oc-27b">
         <name>.text.UART2Support_dmaStartTx</name>
         <load_address>0x2000e70c</load_address>
         <readonly>true</readonly>
         <executable>true</executable>
         <run_address>0x2000e70c</run_address>
         <size>0xb8</size>
         <alignment>0x4</alignment>
         <input_file_ref idref="fl-1d"/>
      </object_component>
      <object_component id="oc-2b3">
         <name>.text</name>
         <load_address>0x2000e7c4</load_address>
         <readonly>true</readonly>
         <executable>true</executable>
         <run_address>0x2000e7c4</run_address>
         <size>0xb0</size>
         <alignment>0x4</alignment>
         <input_file_ref idref="fl-e1"/>
      </object_component>
      <object_component id="oc-1fa">
         <name>.text.GPIOIntTypeSet</name>
         <load_address>0x2000e874</load_address>
         <readonly>true</readonly>
         <executable>true</executable>
         <run_address>0x2000e874</run_address>
         <size>0xac</size>
         <alignment>0x2</alignment>
         <input_file_ref idref="fl-29"/>
      </object_component>
      <object_component id="oc-317">
         <name>.text.IntPendSet</name>
         <load_address>0x2000e920</load_address>
         <readonly>true</readonly>
         <executable>true</executable>
         <run_address>0x2000e920</run_address>
         <size>0xa4</size>
         <alignment>0x2</alignment>
         <input_file_ref idref="fl-2c"/>
      </object_component>
      <object_component id="oc-165">
         <name>.text.PinConfigSet</name>
         <load_address>0x2000e9c4</load_address>
         <readonly>true</readonly>
         <executable>true</executable>
         <run_address>0x2000e9c4</run_address>
         <size>0xa2</size>
         <alignment>0x2</alignment>
         <input_file_ref idref="fl-2d"/>
      </object_component>
      <object_component id="oc-28e">
         <name>.text.I2CCC32XX_completeTransfer</name>
         <load_address>0x2000ea66</load_address>
         <readonly>true</readonly>
         <executable>true</executable>
         <run_address>0x2000ea66</run_address>
         <size>0x9c</size>
         <alignment>0x2</alignment>
         <input_file_ref idref="fl-17"/>
      </object_component>
      <object_component id="oc-192">
         <name>.text.PowerCC32XX_initPolicy</name>
         <load_address>0x2000eb02</load_address>
         <readonly>true</readonly>
         <executable>true</executable>
         <run_address>0x2000eb02</run_address>
         <size>0x2</size>
         <alignment>0x2</alignment>
         <input_file_ref idref="fl-25"/>
      </object_component>
      <object_component id="oc-b0">
         <name>.text.mainThread</name>
         <load_address>0x2000eb04</load_address>
         <readonly>true</readonly>
         <executable>true</executable>
         <run_address>0x2000eb04</run_address>
         <size>0x9c</size>
         <alignment>0x4</alignment>
         <input_file_ref idref="fl-1"/>
      </object_component>
      <object_component id="oc-27f">
         <name>.text.I2CMasterInitExpClk</name>
         <load_address>0x2000eba0</load_address>
         <readonly>true</readonly>
         <executable>true</executable>
         <run_address>0x2000eba0</run_address>
         <size>0x98</size>
         <alignment>0x2</alignment>
         <input_file_ref idref="fl-2b"/>
      </object_component>
      <object_component id="oc-12c">
         <name>.text.SemaphoreP_pend</name>
         <load_address>0x2000ec38</load_address>
         <readonly>true</readonly>
         <executable>true</executable>
         <run_address>0x2000ec38</run_address>
         <size>0x98</size>
         <alignment>0x4</alignment>
         <input_file_ref idref="fl-22"/>
      </object_component>
      <object_component id="oc-2bf">
         <name>.text</name>
         <load_address>0x2000ecd0</load_address>
         <readonly>true</readonly>
         <executable>true</executable>
         <run_address>0x2000ecd0</run_address>
         <size>0x96</size>
         <alignment>0x10</alignment>
         <input_file_ref idref="fl-19"/>
      </object_component>
      <object_component id="oc-25a">
         <name>.text.uDMAChannelAttributeDisable</name>
         <load_address>0x2000ed66</load_address>
         <readonly>true</readonly>
         <executable>true</executable>
         <run_address>0x2000ed66</run_address>
         <size>0x92</size>
         <alignment>0x2</alignment>
         <input_file_ref idref="fl-33"/>
      </object_component>
      <object_component id="oc-dc">
         <name>.text.GPIO_init</name>
         <load_address>0x2000edf8</load_address>
         <readonly>true</readonly>
         <executable>true</executable>
         <run_address>0x2000edf8</run_address>
         <size>0x90</size>
         <alignment>0x4</alignment>
         <input_file_ref idref="fl-15"/>
      </object_component>
      <object_component id="oc-10b">
         <name>.text.PRCMSysResetCauseGet</name>
         <load_address>0x2000ee88</load_address>
         <readonly>true</readonly>
         <executable>true</executable>
         <run_address>0x2000ee88</run_address>
         <size>0x8e</size>
         <alignment>0x2</alignment>
         <input_file_ref idref="fl-2e"/>
      </object_component>
      <object_component id="oc-26a">
         <name>.text.SemaphoreP_destruct</name>
         <load_address>0x2000ef16</load_address>
         <readonly>true</readonly>
         <executable>true</executable>
         <run_address>0x2000ef16</run_address>
         <size>0x2</size>
         <alignment>0x2</alignment>
         <input_file_ref idref="fl-22"/>
      </object_component>
      <object_component id="oc-11d">
         <name>.text.PowerCC32XX_configureWakeup</name>
         <load_address>0x2000ef18</load_address>
         <readonly>true</readonly>
         <executable>true</executable>
         <run_address>0x2000ef18</run_address>
         <size>0x88</size>
         <alignment>0x4</alignment>
         <input_file_ref idref="fl-18"/>
      </object_component>
      <object_component id="oc-28b">
         <name>.text.I2CCC32XX_primeReadBurst</name>
         <load_address>0x2000efa0</load_address>
         <readonly>true</readonly>
         <executable>true</executable>
         <run_address>0x2000efa0</run_address>
         <size>0x7a</size>
         <alignment>0x2</alignment>
         <input_file_ref idref="fl-17"/>
      </object_component>
      <object_component id="oc-156">
         <name>.text.Timer_init</name>
         <load_address>0x2000f01a</load_address>
         <readonly>true</readonly>
         <executable>true</executable>
         <run_address>0x2000f01a</run_address>
         <size>0x2</size>
         <alignment>0x2</alignment>
         <input_file_ref idref="fl-1a"/>
      </object_component>
      <object_component id="oc-d7">
         <name>.text.Power_init</name>
         <load_address>0x2000f01c</load_address>
         <readonly>true</readonly>
         <executable>true</executable>
         <run_address>0x2000f01c</run_address>
         <size>0x78</size>
         <alignment>0x4</alignment>
         <input_file_ref idref="fl-18"/>
      </object_component>
      <object_component id="oc-1ca">
         <name>.text.HwiP_construct</name>
         <load_address>0x2000f094</load_address>
         <readonly>true</readonly>
         <executable>true</executable>
         <run_address>0x2000f094</run_address>
         <size>0x74</size>
         <alignment>0x4</alignment>
         <input_file_ref idref="fl-24"/>
      </object_component>
      <object_component id="oc-18f">
         <name>.text.PRCMHibernateWakeUpGPIOSelect</name>
         <load_address>0x2000f108</load_address>
         <readonly>true</readonly>
         <executable>true</executable>
         <run_address>0x2000f108</run_address>
         <size>0x74</size>
         <alignment>0x2</alignment>
         <input_file_ref idref="fl-2e"/>
      </object_component>
      <object_component id="oc-24f">
         <name>.text.UARTConfigSetExpClk</name>
         <load_address>0x2000f17c</load_address>
         <readonly>true</readonly>
         <executable>true</executable>
         <run_address>0x2000f17c</run_address>
         <size>0x74</size>
         <alignment>0x2</alignment>
         <input_file_ref idref="fl-32"/>
      </object_component>
      <object_component id="oc-17a">
         <name>.text.readTemp</name>
         <load_address>0x2000f1f0</load_address>
         <readonly>true</readonly>
         <executable>true</executable>
         <run_address>0x2000f1f0</run_address>
         <size>0x74</size>
         <alignment>0x4</alignment>
         <input_file_ref idref="fl-1"/>
      </object_component>
      <object_component id="oc-18">
         <name>.text:decompress:lzss</name>
         <load_address>0x2000f264</load_address>
         <readonly>true</readonly>
         <executable>true</executable>
         <run_address>0x2000f264</run_address>
         <size>0x70</size>
         <alignment>0x2</alignment>
         <input_file_ref idref="fl-4d"/>
      </object_component>
      <object_component id="oc-2bd">
         <name>.text.PinLockLevelSet</name>
         <load_address>0x2000f2d4</load_address>
         <readonly>true</readonly>
         <executable>true</executable>
         <run_address>0x2000f2d4</run_address>
         <size>0x6c</size>
         <alignment>0x2</alignment>
         <input_file_ref idref="fl-2d"/>
      </object_component>
      <object_component id="oc-166">
         <name>.text.Power_setDependency</name>
         <load_address>0x2000f340</load_address>
         <readonly>true</readonly>
         <executable>true</executable>
         <run_address>0x2000f340</run_address>
         <size>0x6c</size>
         <alignment>0x4</alignment>
         <input_file_ref idref="fl-18"/>
      </object_component>
      <object_component id="oc-1c6">
         <name>.text.UDMACC32XX_open</name>
         <load_address>0x2000f3ac</load_address>
         <readonly>true</readonly>
         <executable>true</executable>
         <run_address>0x2000f3ac</run_address>
         <size>0x6c</size>
         <alignment>0x4</alignment>
         <input_file_ref idref="fl-20"/>
      </object_component>
      <object_component id="oc-133">
         <name>.text.powerNotifyFxn</name>
         <load_address>0x2000f418</load_address>
         <readonly>true</readonly>
         <executable>true</executable>
         <run_address>0x2000f418</run_address>
         <size>0x6c</size>
         <alignment>0x4</alignment>
         <input_file_ref idref="fl-15"/>
      </object_component>
      <object_component id="oc-2f4">
         <name>.text.split</name>
         <load_address>0x2000f484</load_address>
         <readonly>true</readonly>
         <executable>true</executable>
         <run_address>0x2000f484</run_address>
         <size>0x6c</size>
         <alignment>0x4</alignment>
         <input_file_ref idref="fl-45"/>
      </object_component>
      <object_component id="oc-113">
         <name>.text.PRCMPeripheralReset</name>
         <load_address>0x2000f4f0</load_address>
         <readonly>true</readonly>
         <executable>true</executable>
         <run_address>0x2000f4f0</run_address>
         <size>0x6a</size>
         <alignment>0x2</alignment>
         <input_file_ref idref="fl-2e"/>
      </object_component>
      <object_component id="oc-1cf">
         <name>.text.UART2CC32XX_eventCallback</name>
         <load_address>0x2000f55a</load_address>
         <readonly>true</readonly>
         <executable>true</executable>
         <run_address>0x2000f55a</run_address>
         <size>0x2</size>
         <alignment>0x2</alignment>
         <input_file_ref idref="fl-1d"/>
      </object_component>
      <object_component id="oc-1dd">
         <name>.text.I2CCC32XX_initHw</name>
         <load_address>0x2000f55c</load_address>
         <readonly>true</readonly>
         <executable>true</executable>
         <run_address>0x2000f55c</run_address>
         <size>0x68</size>
         <alignment>0x4</alignment>
         <input_file_ref idref="fl-17"/>
      </object_component>
      <object_component id="oc-25e">
         <name>.text.IntPendClear</name>
         <load_address>0x2000f5c4</load_address>
         <readonly>true</readonly>
         <executable>true</executable>
         <run_address>0x2000f5c4</run_address>
         <size>0x68</size>
         <alignment>0x2</alignment>
         <input_file_ref idref="fl-2c"/>
      </object_component>
      <object_component id="oc-28c">
         <name>.text.I2CCC32XX_primeWriteBurst</name>
         <load_address>0x2000f62c</load_address>
         <readonly>true</readonly>
         <executable>true</executable>
         <run_address>0x2000f62c</run_address>
         <size>0x66</size>
         <alignment>0x2</alignment>
         <input_file_ref idref="fl-17"/>
      </object_component>
      <object_component id="oc-306">
         <name>.text.__aeabi_ldiv0</name>
         <load_address>0x2000f692</load_address>
         <readonly>true</readonly>
         <executable>true</executable>
         <run_address>0x2000f692</run_address>
         <size>0x2</size>
         <alignment>0x2</alignment>
         <input_file_ref idref="fl-e3"/>
      </object_component>
      <object_component id="oc-216">
         <name>.text.GPIO_write</name>
         <load_address>0x2000f694</load_address>
         <readonly>true</readonly>
         <executable>true</executable>
         <run_address>0x2000f694</run_address>
         <size>0x60</size>
         <alignment>0x4</alignment>
         <input_file_ref idref="fl-15"/>
      </object_component>
      <object_component id="oc-27a">
         <name>.text.UART2Support_dmaStopTx</name>
         <load_address>0x2000f6f4</load_address>
         <readonly>true</readonly>
         <executable>true</executable>
         <run_address>0x2000f6f4</run_address>
         <size>0x60</size>
         <alignment>0x2</alignment>
         <input_file_ref idref="fl-1d"/>
      </object_component>
      <object_component id="oc-312">
         <name>.text.FlashDisable</name>
         <load_address>0x2000f754</load_address>
         <readonly>true</readonly>
         <executable>true</executable>
         <run_address>0x2000f754</run_address>
         <size>0x5c</size>
         <alignment>0x2</alignment>
         <input_file_ref idref="fl-35"/>
      </object_component>
      <object_component id="oc-2f0">
         <name>.text.I2CSupport_primeTransfer</name>
         <load_address>0x2000f7b0</load_address>
         <readonly>true</readonly>
         <executable>true</executable>
         <run_address>0x2000f7b0</run_address>
         <size>0x5c</size>
         <alignment>0x2</alignment>
         <input_file_ref idref="fl-17"/>
      </object_component>
      <object_component id="oc-191">
         <name>.text.PRCMHibernateWakeupSourceDisable</name>
         <load_address>0x2000f80c</load_address>
         <readonly>true</readonly>
         <executable>true</executable>
         <run_address>0x2000f80c</run_address>
         <size>0x5c</size>
         <alignment>0x2</alignment>
         <input_file_ref idref="fl-2e"/>
      </object_component>
      <object_component id="oc-1e9">
         <name>.text.TimerCC32XX_allocateTimerResource</name>
         <load_address>0x2000f868</load_address>
         <readonly>true</readonly>
         <executable>true</executable>
         <run_address>0x2000f868</run_address>
         <size>0x5c</size>
         <alignment>0x4</alignment>
         <input_file_ref idref="fl-1b"/>
      </object_component>
      <object_component id="oc-112">
         <name>.text.PRCMPeripheralClkEnable</name>
         <load_address>0x2000f8c4</load_address>
         <readonly>true</readonly>
         <executable>true</executable>
         <run_address>0x2000f8c4</run_address>
         <size>0x5a</size>
         <alignment>0x2</alignment>
         <input_file_ref idref="fl-2e"/>
      </object_component>
      <object_component id="oc-17d">
         <name>.text._nop</name>
         <load_address>0x2000f91e</load_address>
         <readonly>true</readonly>
         <executable>true</executable>
         <run_address>0x2000f91e</run_address>
         <size>0x2</size>
         <alignment>0x2</alignment>
         <input_file_ref idref="fl-53"/>
      </object_component>
      <object_component id="oc-2b1">
         <name>.text.ClockP_startup</name>
         <load_address>0x2000f920</load_address>
         <readonly>true</readonly>
         <executable>true</executable>
         <run_address>0x2000f920</run_address>
         <size>0x58</size>
         <alignment>0x4</alignment>
         <input_file_ref idref="fl-23"/>
      </object_component>
      <object_component id="oc-260">
         <name>.text.IntPrioritySet</name>
         <load_address>0x2000f978</load_address>
         <readonly>true</readonly>
         <executable>true</executable>
         <run_address>0x2000f978</run_address>
         <size>0x58</size>
         <alignment>0x2</alignment>
         <input_file_ref idref="fl-2c"/>
      </object_component>
      <object_component id="oc-2c9">
         <name>.text.PRCMLPDSEnter</name>
         <load_address>0x2000f9d0</load_address>
         <readonly>true</readonly>
         <executable>true</executable>
         <run_address>0x2000f9d0</run_address>
         <size>0x56</size>
         <alignment>0x2</alignment>
         <input_file_ref idref="fl-2e"/>
      </object_component>
      <object_component id="oc-57">
         <name>.text.busFaultHandler</name>
         <load_address>0x2000fa26</load_address>
         <readonly>true</readonly>
         <executable>true</executable>
         <run_address>0x2000fa26</run_address>
         <size>0x2</size>
         <alignment>0x2</alignment>
         <input_file_ref idref="fl-26"/>
      </object_component>
      <object_component id="oc-1b1">
         <name>.text.PowerCC32XX_setParkState</name>
         <load_address>0x2000fa28</load_address>
         <readonly>true</readonly>
         <executable>true</executable>
         <run_address>0x2000fa28</run_address>
         <size>0x54</size>
         <alignment>0x4</alignment>
         <input_file_ref idref="fl-18"/>
      </object_component>
      <object_component id="oc-26d">
         <name>.text.Power_releaseDependency</name>
         <load_address>0x2000fa7c</load_address>
         <readonly>true</readonly>
         <executable>true</executable>
         <run_address>0x2000fa7c</run_address>
         <size>0x54</size>
         <alignment>0x4</alignment>
         <input_file_ref idref="fl-18"/>
      </object_component>
      <object_component id="oc-173">
         <name>.text.GPIO_hwiIntFxn</name>
         <load_address>0x2000fad0</load_address>
         <readonly>true</readonly>
         <executable>true</executable>
         <run_address>0x2000fad0</run_address>
         <size>0x50</size>
         <alignment>0x4</alignment>
         <input_file_ref idref="fl-15"/>
      </object_component>
      <object_component id="oc-190">
         <name>.text.PRCMHibernateWakeupSourceEnable</name>
         <load_address>0x2000fb20</load_address>
         <readonly>true</readonly>
         <executable>true</executable>
         <run_address>0x2000fb20</run_address>
         <size>0x50</size>
         <alignment>0x2</alignment>
         <input_file_ref idref="fl-2e"/>
      </object_component>
      <object_component id="oc-238">
         <name>.text.SemaphoreP_construct</name>
         <load_address>0x2000fb70</load_address>
         <readonly>true</readonly>
         <executable>true</executable>
         <run_address>0x2000fb70</run_address>
         <size>0x50</size>
         <alignment>0x4</alignment>
         <input_file_ref idref="fl-22"/>
      </object_component>
      <object_component id="oc-259">
         <name>.text.uDMAChannelAssign</name>
         <load_address>0x2000fbc0</load_address>
         <readonly>true</readonly>
         <executable>true</executable>
         <run_address>0x2000fbc0</run_address>
         <size>0x4e</size>
         <alignment>0x2</alignment>
         <input_file_ref idref="fl-33"/>
      </object_component>
      <object_component id="oc-1a5">
         <name>.text.clkFxn</name>
         <load_address>0x2000fc0e</load_address>
         <readonly>true</readonly>
         <executable>true</executable>
         <run_address>0x2000fc0e</run_address>
         <size>0x2</size>
         <alignment>0x2</alignment>
         <input_file_ref idref="fl-22"/>
      </object_component>
      <object_component id="oc-16f">
         <name>.text.GPIO_setInterruptConfig</name>
         <load_address>0x2000fc10</load_address>
         <readonly>true</readonly>
         <executable>true</executable>
         <run_address>0x2000fc10</run_address>
         <size>0x4c</size>
         <alignment>0x4</alignment>
         <input_file_ref idref="fl-15"/>
      </object_component>
      <object_component id="oc-310">
         <name>.text.PRCMLPDSRestoreInfoSet</name>
         <load_address>0x2000fc5c</load_address>
         <readonly>true</readonly>
         <executable>true</executable>
         <run_address>0x2000fc5c</run_address>
         <size>0x4c</size>
         <alignment>0x2</alignment>
         <input_file_ref idref="fl-2e"/>
      </object_component>
      <object_component id="oc-1ed">
         <name>.text.initHw</name>
         <load_address>0x2000fca8</load_address>
         <readonly>true</readonly>
         <executable>true</executable>
         <run_address>0x2000fca8</run_address>
         <size>0x4c</size>
         <alignment>0x2</alignment>
         <input_file_ref idref="fl-1b"/>
      </object_component>
      <object_component id="oc-276">
         <name>.text.UART2Support_dmaStopRx</name>
         <load_address>0x2000fcf4</load_address>
         <readonly>true</readonly>
         <executable>true</executable>
         <run_address>0x2000fcf4</run_address>
         <size>0x4a</size>
         <alignment>0x2</alignment>
         <input_file_ref idref="fl-1d"/>
      </object_component>
      <object_component id="oc-1ec">
         <name>.text.getPrescaler</name>
         <load_address>0x2000fd3e</load_address>
         <readonly>true</readonly>
         <executable>true</executable>
         <run_address>0x2000fd3e</run_address>
         <size>0x4a</size>
         <alignment>0x2</alignment>
         <input_file_ref idref="fl-1b"/>
      </object_component>
      <object_component id="oc-2df">
         <name>.text.uDMAChannelSizeGet</name>
         <load_address>0x2000fd88</load_address>
         <readonly>true</readonly>
         <executable>true</executable>
         <run_address>0x2000fd88</run_address>
         <size>0x4a</size>
         <alignment>0x2</alignment>
         <input_file_ref idref="fl-33"/>
      </object_component>
      <object_component id="oc-56">
         <name>.text.defaultHandler</name>
         <load_address>0x2000fdd2</load_address>
         <readonly>true</readonly>
         <executable>true</executable>
         <run_address>0x2000fdd2</run_address>
         <size>0x2</size>
         <alignment>0x2</alignment>
         <input_file_ref idref="fl-26"/>
      </object_component>
      <object_component id="oc-58">
         <name>.text.ClockP_sysTickHandler</name>
         <load_address>0x2000fdd4</load_address>
         <readonly>true</readonly>
         <executable>true</executable>
         <run_address>0x2000fdd4</run_address>
         <size>0x48</size>
         <alignment>0x4</alignment>
         <input_file_ref idref="fl-23"/>
      </object_component>
      <object_component id="oc-2c3">
         <name>.text.PRCMIntEnable</name>
         <load_address>0x2000fe1c</load_address>
         <readonly>true</readonly>
         <executable>true</executable>
         <run_address>0x2000fe1c</run_address>
         <size>0x48</size>
         <alignment>0x2</alignment>
         <input_file_ref idref="fl-2e"/>
      </object_component>
      <object_component id="oc-1f6">
         <name>.text.PRCMPeripheralStatusGet</name>
         <load_address>0x2000fe64</load_address>
         <readonly>true</readonly>
         <executable>true</executable>
         <run_address>0x2000fe64</run_address>
         <size>0x48</size>
         <alignment>0x2</alignment>
         <input_file_ref idref="fl-2e"/>
      </object_component>
      <object_component id="oc-30d">
         <name>.text.PinConfigGet</name>
         <load_address>0x2000feac</load_address>
         <readonly>true</readonly>
         <executable>true</executable>
         <run_address>0x2000feac</run_address>
         <size>0x48</size>
         <alignment>0x2</alignment>
         <input_file_ref idref="fl-2d"/>
      </object_component>
      <object_component id="oc-211">
         <name>.text.__fixdfsi</name>
         <load_address>0x2000fef4</load_address>
         <readonly>true</readonly>
         <executable>true</executable>
         <run_address>0x2000fef4</run_address>
         <size>0x48</size>
         <alignment>0x4</alignment>
         <input_file_ref idref="fl-db"/>
      </object_component>
      <object_component id="oc-ee">
         <name>.text.initI2C</name>
         <load_address>0x2000ff3c</load_address>
         <readonly>true</readonly>
         <executable>true</executable>
         <run_address>0x2000ff3c</run_address>
         <size>0x48</size>
         <alignment>0x4</alignment>
         <input_file_ref idref="fl-1"/>
      </object_component>
      <object_component id="oc-179">
         <name>.text.reportToUART</name>
         <load_address>0x2000ff84</load_address>
         <readonly>true</readonly>
         <executable>true</executable>
         <run_address>0x2000ff84</run_address>
         <size>0x48</size>
         <alignment>0x4</alignment>
         <input_file_ref idref="fl-1"/>
      </object_component>
      <object_component id="oc-28a">
         <name>.text.I2CCC32XX_fillTransmitFifo</name>
         <load_address>0x2000ffcc</load_address>
         <readonly>true</readonly>
         <executable>true</executable>
         <run_address>0x2000ffcc</run_address>
         <size>0x46</size>
         <alignment>0x2</alignment>
         <input_file_ref idref="fl-17"/>
      </object_component>
      <object_component id="oc-2c8">
         <name>.text.PRCMLPDSEnterKeepDebugIf</name>
         <load_address>0x20010012</load_address>
         <readonly>true</readonly>
         <executable>true</executable>
         <run_address>0x20010012</run_address>
         <size>0x46</size>
         <alignment>0x2</alignment>
         <input_file_ref idref="fl-2e"/>
      </object_component>
      <object_component id="oc-2dd">
         <name>.text.RingBuf_put</name>
         <load_address>0x20010058</load_address>
         <readonly>true</readonly>
         <executable>true</executable>
         <run_address>0x20010058</run_address>
         <size>0x46</size>
         <alignment>0x2</alignment>
         <input_file_ref idref="fl-1f"/>
      </object_component>
      <object_component id="oc-169">
         <name>.text.GPIODirModeSet</name>
         <load_address>0x2001009e</load_address>
         <readonly>true</readonly>
         <executable>true</executable>
         <run_address>0x2001009e</run_address>
         <size>0x44</size>
         <alignment>0x2</alignment>
         <input_file_ref idref="fl-29"/>
      </object_component>
      <object_component id="oc-55">
         <name>.text.faultISR</name>
         <load_address>0x200100e2</load_address>
         <readonly>true</readonly>
         <executable>true</executable>
         <run_address>0x200100e2</run_address>
         <size>0x2</size>
         <alignment>0x2</alignment>
         <input_file_ref idref="fl-26"/>
      </object_component>
      <object_component id="oc-1fb">
         <name>.text.GPIO_disableInt</name>
         <load_address>0x200100e4</load_address>
         <readonly>true</readonly>
         <executable>true</executable>
         <run_address>0x200100e4</run_address>
         <size>0x44</size>
         <alignment>0x4</alignment>
         <input_file_ref idref="fl-15"/>
      </object_component>
      <object_component id="oc-f6">
         <name>.text.GPIO_enableInt</name>
         <load_address>0x20010128</load_address>
         <readonly>true</readonly>
         <executable>true</executable>
         <run_address>0x20010128</run_address>
         <size>0x44</size>
         <alignment>0x4</alignment>
         <input_file_ref idref="fl-15"/>
      </object_component>
      <object_component id="oc-279">
         <name>.text.Power_releaseConstraint</name>
         <load_address>0x2001016c</load_address>
         <readonly>true</readonly>
         <executable>true</executable>
         <run_address>0x2001016c</run_address>
         <size>0x44</size>
         <alignment>0x4</alignment>
         <input_file_ref idref="fl-18"/>
      </object_component>
      <object_component id="oc-163">
         <name>.text.Timer_start</name>
         <load_address>0x200101b0</load_address>
         <readonly>true</readonly>
         <executable>true</executable>
         <run_address>0x200101b0</run_address>
         <size>0x44</size>
         <alignment>0x2</alignment>
         <input_file_ref idref="fl-1a"/>
      </object_component>
      <object_component id="oc-7d">
         <name>.text.addToList</name>
         <load_address>0x200101f4</load_address>
         <readonly>true</readonly>
         <executable>true</executable>
         <run_address>0x200101f4</run_address>
         <size>0x44</size>
         <alignment>0x4</alignment>
         <input_file_ref idref="fl-23"/>
      </object_component>
      <object_component id="oc-1fe">
         <name>.text.snprintf</name>
         <load_address>0x20010238</load_address>
         <readonly>true</readonly>
         <executable>true</executable>
         <run_address>0x20010238</run_address>
         <size>0x44</size>
         <alignment>0x4</alignment>
         <input_file_ref idref="fl-44"/>
      </object_component>
      <object_component id="oc-11a">
         <name>.text.PinModeSet</name>
         <load_address>0x2001027c</load_address>
         <readonly>true</readonly>
         <executable>true</executable>
         <run_address>0x2001027c</run_address>
         <size>0x42</size>
         <alignment>0x2</alignment>
         <input_file_ref idref="fl-2d"/>
      </object_component>
      <object_component id="oc-29b">
         <name>.text.TimerControlStall</name>
         <load_address>0x200102be</load_address>
         <readonly>true</readonly>
         <executable>true</executable>
         <run_address>0x200102be</run_address>
         <size>0x42</size>
         <alignment>0x2</alignment>
         <input_file_ref idref="fl-31"/>
      </object_component>
      <object_component id="oc-1eb">
         <name>.text.Timer_close</name>
         <load_address>0x20010300</load_address>
         <readonly>true</readonly>
         <executable>true</executable>
         <run_address>0x20010300</run_address>
         <size>0x42</size>
         <alignment>0x2</alignment>
         <input_file_ref idref="fl-1b"/>
      </object_component>
      <object_component id="oc-224">
         <name>.text.getCountsRTC</name>
         <load_address>0x20010342</load_address>
         <readonly>true</readonly>
         <executable>true</executable>
         <run_address>0x20010342</run_address>
         <size>0x42</size>
         <alignment>0x2</alignment>
         <input_file_ref idref="fl-25"/>
      </object_component>
      <object_component id="oc-12e">
         <name>.text.SemaphoreP_post</name>
         <load_address>0x20010384</load_address>
         <readonly>true</readonly>
         <executable>true</executable>
         <run_address>0x20010384</run_address>
         <size>0x40</size>
         <alignment>0x4</alignment>
         <input_file_ref idref="fl-22"/>
      </object_component>
      <object_component id="oc-291">
         <name>.text.Timer_stop</name>
         <load_address>0x200103c4</load_address>
         <readonly>true</readonly>
         <executable>true</executable>
         <run_address>0x200103c4</run_address>
         <size>0x40</size>
         <alignment>0x2</alignment>
         <input_file_ref idref="fl-1a"/>
      </object_component>
      <object_component id="oc-327">
         <name>.text.atoi</name>
         <load_address>0x20010404</load_address>
         <readonly>true</readonly>
         <executable>true</executable>
         <run_address>0x20010404</run_address>
         <size>0x40</size>
         <alignment>0x4</alignment>
         <input_file_ref idref="fl-57"/>
      </object_component>
      <object_component id="oc-2e4">
         <name>.text.uDMAChannelControlSet</name>
         <load_address>0x20010444</load_address>
         <readonly>true</readonly>
         <executable>true</executable>
         <run_address>0x20010444</run_address>
         <size>0x40</size>
         <alignment>0x2</alignment>
         <input_file_ref idref="fl-33"/>
      </object_component>
      <object_component id="oc-30f">
         <name>.text.PinDirModeSet</name>
         <load_address>0x20010484</load_address>
         <readonly>true</readonly>
         <executable>true</executable>
         <run_address>0x20010484</run_address>
         <size>0x3e</size>
         <alignment>0x2</alignment>
         <input_file_ref idref="fl-2d"/>
      </object_component>
      <object_component id="oc-54">
         <name>.text.nmiISR</name>
         <load_address>0x200104c2</load_address>
         <readonly>true</readonly>
         <executable>true</executable>
         <run_address>0x200104c2</run_address>
         <size>0x2</size>
         <alignment>0x2</alignment>
         <input_file_ref idref="fl-26"/>
      </object_component>
      <object_component id="oc-23c">
         <name>.text.ClockP_stop</name>
         <load_address>0x200104c4</load_address>
         <readonly>true</readonly>
         <executable>true</executable>
         <run_address>0x200104c4</run_address>
         <size>0x3c</size>
         <alignment>0x4</alignment>
         <input_file_ref idref="fl-23"/>
      </object_component>
      <object_component id="oc-1c1">
         <name>.text.UDMACC32XX_init</name>
         <load_address>0x20010500</load_address>
         <readonly>true</readonly>
         <executable>true</executable>
         <run_address>0x20010500</run_address>
         <size>0x3c</size>
         <alignment>0x4</alignment>
         <input_file_ref idref="fl-20"/>
      </object_component>
      <object_component id="oc-ef">
         <name>.text.initTimer</name>
         <load_address>0x2001053c</load_address>
         <readonly>true</readonly>
         <executable>true</executable>
         <run_address>0x2001053c</run_address>
         <size>0x3c</size>
         <alignment>0x4</alignment>
         <input_file_ref idref="fl-1"/>
      </object_component>
      <object_component id="oc-1f5">
         <name>.text.TimerSupport_timerEnable</name>
         <load_address>0x20010578</load_address>
         <readonly>true</readonly>
         <executable>true</executable>
         <run_address>0x20010578</run_address>
         <size>0x3a</size>
         <alignment>0x2</alignment>
         <input_file_ref idref="fl-1b"/>
      </object_component>
      <object_component id="oc-1a4">
         <name>.text.ClockP_destruct</name>
         <load_address>0x200105b4</load_address>
         <readonly>true</readonly>
         <executable>true</executable>
         <run_address>0x200105b4</run_address>
         <size>0x38</size>
         <alignment>0x4</alignment>
         <input_file_ref idref="fl-23"/>
      </object_component>
      <object_component id="oc-2a0">
         <name>.text.Power_setConstraint</name>
         <load_address>0x200105ec</load_address>
         <readonly>true</readonly>
         <executable>true</executable>
         <run_address>0x200105ec</run_address>
         <size>0x38</size>
         <alignment>0x4</alignment>
         <input_file_ref idref="fl-18"/>
      </object_component>
      <object_component id="oc-2e1">
         <name>.text.RingBuf_putAdvance</name>
         <load_address>0x20010624</load_address>
         <readonly>true</readonly>
         <executable>true</executable>
         <run_address>0x20010624</run_address>
         <size>0x38</size>
         <alignment>0x2</alignment>
         <input_file_ref idref="fl-1f"/>
      </object_component>
      <object_component id="oc-235">
         <name>.text.SwiP_restore</name>
         <load_address>0x2001065c</load_address>
         <readonly>true</readonly>
         <executable>true</executable>
         <run_address>0x2001065c</run_address>
         <size>0x38</size>
         <alignment>0x4</alignment>
         <input_file_ref idref="fl-27"/>
      </object_component>
      <object_component id="oc-26b">
         <name>.text.UDMACC32XX_close</name>
         <load_address>0x20010694</load_address>
         <readonly>true</readonly>
         <executable>true</executable>
         <run_address>0x20010694</run_address>
         <size>0x38</size>
         <alignment>0x4</alignment>
         <input_file_ref idref="fl-20"/>
      </object_component>
      <object_component id="oc-bf">
         <name>.text:__TI_auto_init_nobinit_nopinit</name>
         <load_address>0x200106cc</load_address>
         <readonly>true</readonly>
         <executable>true</executable>
         <run_address>0x200106cc</run_address>
         <size>0x38</size>
         <alignment>0x4</alignment>
         <input_file_ref idref="fl-48"/>
      </object_component>
      <object_component id="oc-2be">
         <name>.text.PinLock</name>
         <load_address>0x20010704</load_address>
         <readonly>true</readonly>
         <executable>true</executable>
         <run_address>0x20010704</run_address>
         <size>0x36</size>
         <alignment>0x2</alignment>
         <input_file_ref idref="fl-2d"/>
      </object_component>
      <object_component id="oc-1f2">
         <name>.text.TimerCC32XX_hwiIntFunction</name>
         <load_address>0x2001073a</load_address>
         <readonly>true</readonly>
         <executable>true</executable>
         <run_address>0x2001073a</run_address>
         <size>0x36</size>
         <alignment>0x2</alignment>
         <input_file_ref idref="fl-1b"/>
      </object_component>
      <object_component id="oc-37c">
         <name>.text.UARTCharPutNonBlocking</name>
         <load_address>0x20010770</load_address>
         <readonly>true</readonly>
         <executable>true</executable>
         <run_address>0x20010770</run_address>
         <size>0x36</size>
         <alignment>0x2</alignment>
         <input_file_ref idref="fl-32"/>
      </object_component>
      <object_component id="oc-1a1">
         <name>.text.ClockP_start</name>
         <load_address>0x200107a8</load_address>
         <readonly>true</readonly>
         <executable>true</executable>
         <run_address>0x200107a8</run_address>
         <size>0x34</size>
         <alignment>0x4</alignment>
         <input_file_ref idref="fl-23"/>
      </object_component>
      <object_component id="oc-2eb">
         <name>.text.I2CFIFODataPutNonBlocking</name>
         <load_address>0x200107dc</load_address>
         <readonly>true</readonly>
         <executable>true</executable>
         <run_address>0x200107dc</run_address>
         <size>0x34</size>
         <alignment>0x2</alignment>
         <input_file_ref idref="fl-2b"/>
      </object_component>
      <object_component id="oc-30e">
         <name>.text.PinDirModeGet</name>
         <load_address>0x20010810</load_address>
         <readonly>true</readonly>
         <executable>true</executable>
         <run_address>0x20010810</run_address>
         <size>0x34</size>
         <alignment>0x2</alignment>
         <input_file_ref idref="fl-2d"/>
      </object_component>
      <object_component id="oc-115">
         <name>.text.PinModeGet</name>
         <load_address>0x20010844</load_address>
         <readonly>true</readonly>
         <executable>true</executable>
         <run_address>0x20010844</run_address>
         <size>0x34</size>
         <alignment>0x2</alignment>
         <input_file_ref idref="fl-2d"/>
      </object_component>
      <object_component id="oc-2bc">
         <name>.text.PowerCC32XX_parkPin</name>
         <load_address>0x20010878</load_address>
         <readonly>true</readonly>
         <executable>true</executable>
         <run_address>0x20010878</run_address>
         <size>0x34</size>
         <alignment>0x2</alignment>
         <input_file_ref idref="fl-18"/>
      </object_component>
      <object_component id="oc-293">
         <name>.text.TimerCC32XX_freeTimerResource</name>
         <load_address>0x200108ac</load_address>
         <readonly>true</readonly>
         <executable>true</executable>
         <run_address>0x200108ac</run_address>
         <size>0x34</size>
         <alignment>0x4</alignment>
         <input_file_ref idref="fl-1b"/>
      </object_component>
      <object_component id="oc-267">
         <name>.text.UART2_rxDisable</name>
         <load_address>0x200108e0</load_address>
         <readonly>true</readonly>
         <executable>true</executable>
         <run_address>0x200108e0</run_address>
         <size>0x34</size>
         <alignment>0x2</alignment>
         <input_file_ref idref="fl-1c"/>
      </object_component>
      <object_component id="oc-fb">
         <name>.text.checkButtons</name>
         <load_address>0x20010914</load_address>
         <readonly>true</readonly>
         <executable>true</executable>
         <run_address>0x20010914</run_address>
         <size>0x34</size>
         <alignment>0x4</alignment>
         <input_file_ref idref="fl-1"/>
      </object_component>
      <object_component id="oc-4f">
         <name>.text.initVectors</name>
[...]
         <object_component_ref idref="oc-26f"/>
      </symbol>
      <symbol id="sm-539">
         <name>PinTypeI2C</name>
         <value>0x200110b1</value>
         <object_component_ref idref="oc-1dc"/>
      </symbol>
      <symbol id="sm-53a">
         <name>PinTypeUART</name>
         <value>0x20011171</value>
         <object_component_ref idref="oc-242"/>
      </symbol>
      <symbol id="sm-53b">
         <name>PinUnlock</name>
         <value>0x2001102b</value>
         <object_component_ref idref="oc-2c4"/>
      </symbol>
      <symbol id="sm-5ed">
         <name>PRCMCC3200MCUInit</name>
         <value>0x2000c8ad</value>
         <object_component_ref idref="oc-d2"/>
      </symbol>
      <symbol id="sm-5ee">
         <name>PRCMHIBRegRead</name>
         <value>0x20011323</value>
         <object_component_ref idref="oc-111"/>
      </symbol>
      <symbol id="sm-5ef">
         <name>PRCMHIBRegWrite</name>
         <value>0x2001133d</value>
         <object_component_ref idref="oc-110"/>
      </symbol>
      <symbol id="sm-5f0">
         <name>PRCMHibernateWakeUpGPIOSelect</name>
         <value>0x2000f109</value>
         <object_component_ref idref="oc-18f"/>
      </symbol>
      <symbol id="sm-5f1">
         <name>PRCMHibernateWakeupSourceDisable</name>
         <value>0x2000f80d</value>
         <object_component_ref idref="oc-191"/>
      </symbol>
      <symbol id="sm-5f2">
         <name>PRCMHibernateWakeupSourceEnable</name>
         <value>0x2000fb21</value>
         <object_component_ref idref="oc-190"/>
      </symbol>
      <symbol id="sm-5f3">
         <name>PRCMIntEnable</name>
         <value>0x2000fe1d</value>
         <object_component_ref idref="oc-2c3"/>
      </symbol>
      <symbol id="sm-5f4">
         <name>PRCMLPDSEnter</name>
         <value>0x2000f9d1</value>
         <object_component_ref idref="oc-2c9"/>
      </symbol>
      <symbol id="sm-5f5">
         <name>PRCMLPDSEnterKeepDebugIf</name>
         <value>0x20010013</value>
         <object_component_ref idref="oc-2c8"/>
      </symbol>
      <symbol id="sm-5f6">
         <name>PRCMLPDSIntervalSet</name>
         <value>0x200109dd</value>
         <object_component_ref idref="oc-22e"/>
      </symbol>
      <symbol id="sm-5f7">
         <name>PRCMLPDSRestoreInfoSet</name>
         <value>0x2000fc5d</value>
         <object_component_ref idref="oc-310"/>
      </symbol>
      <symbol id="sm-5f8">
         <name>PRCMLPDSWakeUpGPIOSelect</name>
         <value>0x20010c93</value>
         <object_component_ref idref="oc-18e"/>
      </symbol>
      <symbol id="sm-5f9">
         <name>PRCMLPDSWakeupCauseGet</name>
         <value>0x200118fd</value>
         <object_component_ref idref="oc-2c6"/>
      </symbol>
      <symbol id="sm-5fa">
         <name>PRCMLPDSWakeupSourceDisable</name>
         <value>0x20011357</value>
         <object_component_ref idref="oc-18d"/>
      </symbol>
      <symbol id="sm-5fb">
         <name>PRCMLPDSWakeupSourceEnable</name>
         <value>0x20010f0d</value>
         <object_component_ref idref="oc-18c"/>
      </symbol>
      <symbol id="sm-5fc">
         <name>PRCMPeripheralClkDisable</name>
         <value>0x20010cbd</value>
         <object_component_ref idref="oc-114"/>
      </symbol>
      <symbol id="sm-5fd">
         <name>PRCMPeripheralClkEnable</name>
         <value>0x2000f8c5</value>
         <object_component_ref idref="oc-112"/>
      </symbol>
      <symbol id="sm-5fe">
         <name>PRCMPeripheralReset</name>
         <value>0x2000f4f1</value>
         <object_component_ref idref="oc-113"/>
      </symbol>
      <symbol id="sm-5ff">
         <name>PRCMPeripheralStatusGet</name>
         <value>0x2000fe65</value>
         <object_component_ref idref="oc-1f6"/>
      </symbol>
      <symbol id="sm-600">
         <name>PRCMSRAMRetentionEnable</name>
         <value>0x20010e01</value>
         <object_component_ref idref="oc-2bb"/>
      </symbol>
      <symbol id="sm-601">
         <name>PRCMSleepEnter</name>
         <value>0x200119e5</value>
         <object_component_ref idref="oc-234"/>
      </symbol>
      <symbol id="sm-602">
         <name>PRCMSlowClkCtrFastGet</name>
         <value>0x20010a0d</value>
         <object_component_ref idref="oc-2b2"/>
      </symbol>
      <symbol id="sm-603">
         <name>PRCMSysResetCauseGet</name>
         <value>0x2000ee89</value>
         <object_component_ref idref="oc-10b"/>
      </symbol>
      <symbol id="sm-621">
         <name>SysTickEnable</name>
         <value>0x200116d7</value>
         <object_component_ref idref="oc-232"/>
      </symbol>
      <symbol id="sm-622">
         <name>SysTickIntDisable</name>
         <value>0x200116e9</value>
         <object_component_ref idref="oc-229"/>
      </symbol>
      <symbol id="sm-623">
         <name>SysTickIntEnable</name>
         <value>0x200116fb</value>
         <object_component_ref idref="oc-233"/>
      </symbol>
      <symbol id="sm-624">
         <name>SysTickPeriodSet</name>
         <value>0x200114a7</value>
         <object_component_ref idref="oc-231"/>
      </symbol>
      <symbol id="sm-663">
         <name>TimerControlStall</name>
         <value>0x200102bf</value>
         <object_component_ref idref="oc-29b"/>
      </symbol>
      <symbol id="sm-664">
         <name>TimerDisable</name>
         <value>0x20011151</value>
         <object_component_ref idref="oc-294"/>
      </symbol>
      <symbol id="sm-665">
         <name>TimerEnable</name>
         <value>0x2001138b</value>
         <object_component_ref idref="oc-2a1"/>
      </symbol>
      <symbol id="sm-666">
         <name>TimerIntClear</name>
         <value>0x200117c1</value>
         <object_component_ref idref="oc-29e"/>
      </symbol>
      <symbol id="sm-667">
         <name>TimerIntDisable</name>
         <value>0x200114bd</value>
         <object_component_ref idref="oc-31d"/>
      </symbol>
      <symbol id="sm-668">
         <name>TimerIntEnable</name>
         <value>0x200115cd</value>
         <object_component_ref idref="oc-29f"/>
      </symbol>
      <symbol id="sm-669">
         <name>TimerLoadSet</name>
         <value>0x20010a3d</value>
         <object_component_ref idref="oc-29a"/>
      </symbol>
      <symbol id="sm-66a">
         <name>TimerPrescaleSet</name>
         <value>0x20010a6d</value>
         <object_component_ref idref="oc-299"/>
      </symbol>
      <symbol id="sm-6d4">
         <name>UARTBusy</name>
         <value>0x200117f1</value>
         <object_component_ref idref="oc-37d"/>
      </symbol>
      <symbol id="sm-6d5">
         <name>UARTCharPutNonBlocking</name>
         <value>0x20010771</value>
         <object_component_ref idref="oc-37c"/>
      </symbol>
      <symbol id="sm-6d6">
         <name>UARTCharsAvail</name>
         <value>0x200114d3</value>
         <object_component_ref idref="oc-277"/>
      </symbol>
      <symbol id="sm-6d7">
         <name>UARTConfigSetExpClk</name>
         <value>0x2000f17d</value>
         <object_component_ref idref="oc-24f"/>
      </symbol>
      <symbol id="sm-6d8">
         <name>UARTDMADisable</name>
         <value>0x200114e9</value>
         <object_component_ref idref="oc-266"/>
      </symbol>
      <symbol id="sm-6d9">
         <name>UARTDMAEnable</name>
         <value>0x200115e1</value>
         <object_component_ref idref="oc-2e7"/>
      </symbol>
      <symbol id="sm-6da">
         <name>UARTDisable</name>
         <value>0x20010b87</value>
         <object_component_ref idref="oc-268"/>
      </symbol>
      <symbol id="sm-6db">
         <name>UARTEnable</name>
         <value>0x200111ad</value>
         <object_component_ref idref="oc-255"/>
      </symbol>
      <symbol id="sm-6dc">
         <name>UARTFIFOLevelSet</name>
         <value>0x200114ff</value>
         <object_component_ref idref="oc-257"/>
      </symbol>
      <symbol id="sm-6dd">
         <name>UARTFlowControlSet</name>
         <value>0x200113a5</value>
         <object_component_ref idref="oc-258"/>
      </symbol>
      <symbol id="sm-6de">
         <name>UARTIntClear</name>
         <value>0x20011801</value>
         <object_component_ref idref="oc-254"/>
      </symbol>
      <symbol id="sm-6df">
         <name>UARTIntDisable</name>
         <value>0x20011515</value>
         <object_component_ref idref="oc-265"/>
      </symbol>
      <symbol id="sm-6e0">
         <name>UARTIntEnable</name>
         <value>0x200115f5</value>
         <object_component_ref idref="oc-256"/>
      </symbol>
      <symbol id="sm-6e1">
         <name>UARTIntStatus</name>
         <value>0x20010ce7</value>
         <object_component_ref idref="oc-272"/>
      </symbol>
      <symbol id="sm-6e2">
         <name>UARTRxErrorGet</name>
         <value>0x20011811</value>
         <object_component_ref idref="oc-274"/>
      </symbol>
      <symbol id="sm-73b">
         <name>uDMAChannelAssign</name>
         <value>0x2000fbc1</value>
         <object_component_ref idref="oc-259"/>
      </symbol>
      <symbol id="sm-73c">
         <name>uDMAChannelAttributeDisable</name>
         <value>0x2000ed67</value>
         <object_component_ref idref="oc-25a"/>
      </symbol>
      <symbol id="sm-73d">
         <name>uDMAChannelControlSet</name>
         <value>0x20010445</value>
         <object_component_ref idref="oc-2e4"/>
      </symbol>
      <symbol id="sm-73e">
         <name>uDMAChannelDisable</name>
         <value>0x200111e9</value>
         <object_component_ref idref="oc-2de"/>
      </symbol>
      <symbol id="sm-73f">
         <name>uDMAChannelEnable</name>
         <value>0x20011207</value>
         <object_component_ref idref="oc-2e6"/>
      </symbol>
      <symbol id="sm-740">
         <name>uDMAChannelIsEnabled</name>
         <value>0x20011225</value>
         <object_component_ref idref="oc-275"/>
      </symbol>
      <symbol id="sm-741">
         <name>uDMAChannelSizeGet</name>
         <value>0x2000fd89</value>
         <object_component_ref idref="oc-2df"/>
      </symbol>
      <symbol id="sm-742">
         <name>uDMAChannelTransferSet</name>
         <value>0x2000df1f</value>
         <object_component_ref idref="oc-2e5"/>
      </symbol>
      <symbol id="sm-743">
         <name>uDMAControlBaseSet</name>
         <value>0x20011631</value>
         <object_component_ref idref="oc-24c"/>
      </symbol>
      <symbol id="sm-744">
         <name>uDMAEnable</name>
         <value>0x20011889</value>
         <object_component_ref idref="oc-247"/>
      </symbol>
      <symbol id="sm-745">
         <name>uDMAErrorStatusClear</name>
         <value>0x20011897</value>
         <object_component_ref idref="oc-349"/>
      </symbol>
      <symbol id="sm-746">
         <name>uDMAErrorStatusGet</name>
         <value>0x20011969</value>
         <object_component_ref idref="oc-348"/>
      </symbol>
      <symbol id="sm-747">
         <name>uDMAIntClear</name>
         <value>0x20011645</value>
         <object_component_ref idref="oc-2e0"/>
      </symbol>
      <symbol id="sm-752">
         <name>UtilsDelay</name>
         <value>0x200119ed</value>
         <object_component_ref idref="oc-10c"/>
      </symbol>
      <symbol id="sm-77f">
         <name>FlashDisable</name>
         <value>0x2000f755</value>
         <object_component_ref idref="oc-312"/>
      </symbol>
      <symbol id="sm-790">
         <name>snprintf</name>
         <value>0x20010239</value>
         <object_component_ref idref="oc-1fe"/>
      </symbol>
      <symbol id="sm-7b0">
         <name>malloc</name>
         <value>0x20011a05</value>
         <object_component_ref idref="oc-1f7"/>
      </symbol>
      <symbol id="sm-7b1">
         <name>aligned_alloc</name>
         <value>0x2000dce5</value>
         <object_component_ref idref="oc-2a2"/>
      </symbol>
      <symbol id="sm-7b2">
         <name>free</name>
         <value>0x2000e12d</value>
         <object_component_ref idref="oc-19e"/>
      </symbol>
      <symbol id="sm-7b3">
         <name>_sys_memory</name>
         <value>0x20004040</value>
         <object_component_ref idref="oc-31"/>
      </symbol>
      <symbol id="sm-7b4">
         <name>memalign</name>
         <value>0x2000dce5</value>
         <object_component_ref idref="oc-2a2"/>
      </symbol>
      <symbol id="sm-7bf">
         <name>_c_int00_noargs</name>
         <value>0x20010fe5</value>
         <object_component_ref idref="oc-76"/>
      </symbol>
      <symbol id="sm-7c0">
         <name>__stack</name>
         <value>0x20003000</value>
         <object_component_ref idref="oc-16"/>
      </symbol>
      <symbol id="sm-7cc">
         <name>__TI_auto_init_nobinit_nopinit</name>
         <value>0x200106cd</value>
         <object_component_ref idref="oc-bf"/>
      </symbol>
      <symbol id="sm-7d4">
         <name>_system_pre_init</name>
         <value>0x20011a4d</value>
         <object_component_ref idref="oc-8b"/>
      </symbol>
      <symbol id="sm-7df">
         <name>__TI_zero_init</name>
         <value>0x20011841</value>
         <object_component_ref idref="oc-49"/>
      </symbol>
      <symbol id="sm-7e8">
         <name>__TI_decompress_none</name>
         <value>0x200118b3</value>
         <object_component_ref idref="oc-1c"/>
      </symbol>
      <symbol id="sm-7f2">
         <name>__TI_decompress_lzss</name>
         <value>0x2000f265</value>
         <object_component_ref idref="oc-18"/>
      </symbol>
      <symbol id="sm-812">
         <name>__TI_printfi_nofloat</name>
         <value>0x2000c041</value>
         <object_component_ref idref="oc-2fc"/>
      </symbol>
      <symbol id="sm-81f">
         <name>__aeabi_errno_addr</name>
         <value>0x200119f5</value>
         <object_component_ref idref="oc-32f"/>
      </symbol>
      <symbol id="sm-820">
         <name>__aeabi_errno</name>
         <value>0x20012cc4</value>
         <object_component_ref idref="oc-354"/>
      </symbol>
      <symbol id="sm-82a">
         <name>abort</name>
         <value>0x20011a51</value>
         <object_component_ref idref="oc-b8"/>
      </symbol>
      <symbol id="sm-82b">
         <name>C$$EXIT</name>
         <value>0x20011a50</value>
         <object_component_ref idref="oc-b8"/>
      </symbol>
      <symbol id="sm-834">
         <name>_nop</name>
         <value>0x2000f91f</value>
         <object_component_ref idref="oc-17d"/>
      </symbol>
      <symbol id="sm-835">
         <name>_lock</name>
         <value>0x20012cc8</value>
         <object_component_ref idref="oc-101"/>
      </symbol>
      <symbol id="sm-836">
         <name>_unlock</name>
         <value>0x20012ccc</value>
         <object_component_ref idref="oc-104"/>
      </symbol>
      <symbol id="sm-843">
         <name>atoi</name>
         <value>0x20010405</value>
         <object_component_ref idref="oc-327"/>
      </symbol>
      <symbol id="sm-84d">
         <name>memccpy</name>
         <value>0x200111cb</value>
         <object_component_ref idref="oc-320"/>
      </symbol>
      <symbol id="sm-856">
         <name>wcslen</name>
         <value>0x20011831</value>
         <object_component_ref idref="oc-32b"/>
      </symbol>
      <symbol id="sm-85c">
         <name>__aeabi_ctype_table_</name>
         <value>0x20012ce0</value>
         <object_component_ref idref="oc-34d"/>
      </symbol>
      <symbol id="sm-85d">
         <name>__aeabi_ctype_table_C</name>
         <value>0x20012ce0</value>
         <object_component_ref idref="oc-34d"/>
      </symbol>
      <symbol id="sm-875">
         <name>__aeabi_dmul</name>
         <value>0x2000e031</value>
         <object_component_ref idref="oc-20d"/>
      </symbol>
      <symbol id="sm-876">
         <name>__muldf3</name>
         <value>0x2000e031</value>
         <object_component_ref idref="oc-20d"/>
      </symbol>
      <symbol id="sm-87c">
         <name>__aeabi_d2iz</name>
         <value>0x2000fef5</value>
         <object_component_ref idref="oc-211"/>
      </symbol>
      <symbol id="sm-87d">
         <name>__fixdfsi</name>
         <value>0x2000fef5</value>
         <object_component_ref idref="oc-211"/>
      </symbol>
      <symbol id="sm-883">
         <name>__aeabi_i2d</name>
         <value>0x20010bb5</value>
         <object_component_ref idref="oc-209"/>
      </symbol>
      <symbol id="sm-884">
         <name>__floatsidf</name>
         <value>0x20010bb5</value>
         <object_component_ref idref="oc-209"/>
      </symbol>
      <symbol id="sm-88a">
         <name>__aeabi_memcpy</name>
         <value>0x20011a49</value>
         <object_component_ref idref="oc-3c"/>
      </symbol>
      <symbol id="sm-88b">
         <name>__aeabi_memcpy4</name>
         <value>0x20011a49</value>
         <object_component_ref idref="oc-3c"/>
      </symbol>
      <symbol id="sm-88c">
         <name>__aeabi_memcpy8</name>
         <value>0x20011a49</value>
         <object_component_ref idref="oc-3c"/>
      </symbol>
      <symbol id="sm-895">
         <name>__aeabi_memset</name>
         <value>0x200119b1</value>
         <object_component_ref idref="oc-31f"/>
      </symbol>
      <symbol id="sm-896">
         <name>__aeabi_memset4</name>
         <value>0x200119b1</value>
         <object_component_ref idref="oc-31f"/>
      </symbol>
      <symbol id="sm-897">
         <name>__aeabi_memset8</name>
         <value>0x200119b1</value>
         <object_component_ref idref="oc-31f"/>
      </symbol>
      <symbol id="sm-898">
         <name>__aeabi_memclr</name>
         <value>0x200119fd</value>
         <object_component_ref idref="oc-67"/>
      </symbol>
      <symbol id="sm-899">
         <name>__aeabi_memclr4</name>
         <value>0x200119fd</value>
         <object_component_ref idref="oc-67"/>
      </symbol>
      <symbol id="sm-89a">
         <name>__aeabi_memclr8</name>
         <value>0x200119fd</value>
         <object_component_ref idref="oc-67"/>
      </symbol>
      <symbol id="sm-8a0">
         <name>__aeabi_uldivmod</name>
         <value>0x20011609</value>
         <object_component_ref idref="oc-225"/>
      </symbol>
      <symbol id="sm-8a6">
         <name>__udivmoddi4</name>
         <value>0x2000e7c5</value>
         <object_component_ref idref="oc-2b3"/>
      </symbol>
      <symbol id="sm-8b1">
         <name>__aeabi_ldiv0</name>
         <value>0x2000f693</value>
         <object_component_ref idref="oc-306"/>
      </symbol>
      <symbol id="sm-8ba">
         <name>TI_memcpy_small</name>
         <value>0x2001171f</value>
         <object_component_ref idref="oc-81"/>
      </symbol>
      <symbol id="sm-8c2">
         <name>TI_memset_small</name>
         <value>0x200118a5</value>
         <object_component_ref idref="oc-9e"/>
      </symbol>
      <symbol id="sm-8c3">
         <name>__TI_static_base__</name>
         <value>0x20011a54</value>
      </symbol>
      <symbol id="sm-8c6">
         <name>ITM_flush</name>
         <value>0x0</value>
      </symbol>
      <symbol id="sm-8c7">
         <name>ITM_restore</name>
         <value>0x0</value>
      </symbol>
      <symbol id="sm-8c8">
         <name>__mpu_init</name>
         <value>0x0</value>
      </symbol>
      <symbol id="sm-8c9">
         <name>_system_post_cinit</name>
         <value>0x0</value>
      </symbol>
   </symbol_table>
   <title>Link successful</title>
</link_info>
